<!doctype html public "-//w3c//dtd html 4.0 transitional//en">
<html><head>
<title>Static Call Graph - [.\BUILD\SX1276_SMS.axf]</title></head>
<body><HR>
<H1>Static Call Graph for image .\BUILD\SX1276_SMS.axf</H1><HR>
<BR><P>#&#060CALLGRAPH&#062# ARM Linker, 5060528: Last Updated: Wed Nov 15 13:56:42 2017
<BR><P>
<H3>Maximum Stack Usage =        760 bytes + Unknown(Cycles, Untraceable Function Pointers)</H3><H3>
Call chain for Maximum Stack Depth:</H3>
__rt_entry_main &rArr; main &rArr; $Super$$main &rArr; SX1276::Rx(unsigned) &rArr; mbed::Ticker::attach_us(mbed::Callback&lang;void()&rang;, unsigned) &rArr; mbed::Ticker::setup(unsigned) &rArr; mbed::TimerEvent::insert(unsigned) &rArr; ticker_insert_event &rArr; core_util_critical_section_exit &rArr; mbed_assert_internal &rArr; mbed_error_printf &rArr;  core_util_critical_section_exit (Cycle)
<P>
<H3>
Mutually Recursive functions
</H3> <LI><a href="#[12]">NMI_Handler</a>&nbsp;&nbsp;&nbsp;&rArr;&nbsp;&nbsp;&nbsp;<a href="#[12]">NMI_Handler</a><BR>
 <LI><a href="#[13]">HardFault_Handler</a>&nbsp;&nbsp;&nbsp;&rArr;&nbsp;&nbsp;&nbsp;<a href="#[13]">HardFault_Handler</a><BR>
 <LI><a href="#[14]">MemManage_Handler</a>&nbsp;&nbsp;&nbsp;&rArr;&nbsp;&nbsp;&nbsp;<a href="#[14]">MemManage_Handler</a><BR>
 <LI><a href="#[15]">BusFault_Handler</a>&nbsp;&nbsp;&nbsp;&rArr;&nbsp;&nbsp;&nbsp;<a href="#[15]">BusFault_Handler</a><BR>
 <LI><a href="#[16]">UsageFault_Handler</a>&nbsp;&nbsp;&nbsp;&rArr;&nbsp;&nbsp;&nbsp;<a href="#[16]">UsageFault_Handler</a><BR>
 <LI><a href="#[17]">SVC_Handler</a>&nbsp;&nbsp;&nbsp;&rArr;&nbsp;&nbsp;&nbsp;<a href="#[17]">SVC_Handler</a><BR>
 <LI><a href="#[18]">DebugMon_Handler</a>&nbsp;&nbsp;&nbsp;&rArr;&nbsp;&nbsp;&nbsp;<a href="#[18]">DebugMon_Handler</a><BR>
 <LI><a href="#[19]">PendSV_Handler</a>&nbsp;&nbsp;&nbsp;&rArr;&nbsp;&nbsp;&nbsp;<a href="#[19]">PendSV_Handler</a><BR>
 <LI><a href="#[1a]">SysTick_Handler</a>&nbsp;&nbsp;&nbsp;&rArr;&nbsp;&nbsp;&nbsp;<a href="#[1a]">SysTick_Handler</a><BR>
 <LI><a href="#[2d]">ADC1_IRQHandler</a>&nbsp;&nbsp;&nbsp;&rArr;&nbsp;&nbsp;&nbsp;<a href="#[2d]">ADC1_IRQHandler</a><BR>
 <LI><a href="#[1ac]">core_util_critical_section_enter</a>&nbsp;&nbsp;&nbsp;&rArr;&nbsp;&nbsp;&nbsp;<a href="#[199]">mbed_assert_internal</a><BR>
 <LI><a href="#[19c]">serial_baud</a>&nbsp;&nbsp;&nbsp;&rArr;&nbsp;&nbsp;&nbsp;<a href="#[1ec]">init_uart</a><BR>
 <LI><a href="#[142]">_sys_write</a>&nbsp;&nbsp;&nbsp;&rArr;&nbsp;&nbsp;&nbsp;<a href="#[1a3]">serial_init</a><BR>
 <LI><a href="#[1e3]">mbed_error_vfprintf</a>&nbsp;&nbsp;&nbsp;&rArr;&nbsp;&nbsp;&nbsp;<a href="#[1a3]">serial_init</a><BR>
 <LI><a href="#[1ea]">pin_mode</a>&nbsp;&nbsp;&nbsp;&rArr;&nbsp;&nbsp;&nbsp;<a href="#[199]">mbed_assert_internal</a><BR>
 <LI><a href="#[1e8]">pin_function</a>&nbsp;&nbsp;&nbsp;&rArr;&nbsp;&nbsp;&nbsp;<a href="#[199]">mbed_assert_internal</a><BR>
 <LI><a href="#[1a3]">serial_init</a>&nbsp;&nbsp;&nbsp;&rArr;&nbsp;&nbsp;&nbsp;<a href="#[199]">mbed_assert_internal</a><BR>
 <LI><a href="#[1ed]">mbed_error_printf</a>&nbsp;&nbsp;&nbsp;&rArr;&nbsp;&nbsp;&nbsp;<a href="#[1ae]">core_util_critical_section_exit</a><BR>
</UL>
<P>
<H3>
Function Pointers
</H3><UL>
 <LI><a href="#[5e]">&lang;Func3&rang;</a> from mbed/TARGET_NUCLEO_L152RE/TOOLCHAIN_ARM_STD/mbed.ar(SerialBase.o)(i.<Func3>) referenced from mbed/TARGET_NUCLEO_L152RE/TOOLCHAIN_ARM_STD/mbed.ar(SerialBase.o)(i._ZN4mbed10SerialBaseC1E7PinNameS1_i)
 <LI><a href="#[2d]">ADC1_IRQHandler</a> from mbed/TARGET_NUCLEO_L152RE/TOOLCHAIN_ARM_STD/startup_stm32l152xe.o(.text) referenced from mbed/TARGET_NUCLEO_L152RE/TOOLCHAIN_ARM_STD/startup_stm32l152xe.o(RESET)
 <LI><a href="#[15]">BusFault_Handler</a> from mbed/TARGET_NUCLEO_L152RE/TOOLCHAIN_ARM_STD/startup_stm32l152xe.o(.text) referenced from mbed/TARGET_NUCLEO_L152RE/TOOLCHAIN_ARM_STD/startup_stm32l152xe.o(RESET)
 <LI><a href="#[51]">COMP_ACQ_IRQHandler</a> from mbed/TARGET_NUCLEO_L152RE/TOOLCHAIN_ARM_STD/startup_stm32l152xe.o(.text) referenced from mbed/TARGET_NUCLEO_L152RE/TOOLCHAIN_ARM_STD/startup_stm32l152xe.o(RESET)
 <LI><a href="#[31]">COMP_IRQHandler</a> from mbed/TARGET_NUCLEO_L152RE/TOOLCHAIN_ARM_STD/startup_stm32l152xe.o(.text) referenced from mbed/TARGET_NUCLEO_L152RE/TOOLCHAIN_ARM_STD/startup_stm32l152xe.o(RESET)
 <LI><a href="#[30]">DAC_IRQHandler</a> from mbed/TARGET_NUCLEO_L152RE/TOOLCHAIN_ARM_STD/startup_stm32l152xe.o(.text) referenced from mbed/TARGET_NUCLEO_L152RE/TOOLCHAIN_ARM_STD/startup_stm32l152xe.o(RESET)
 <LI><a href="#[26]">DMA1_Channel1_IRQHandler</a> from mbed/TARGET_NUCLEO_L152RE/TOOLCHAIN_ARM_STD/startup_stm32l152xe.o(.text) referenced from mbed/TARGET_NUCLEO_L152RE/TOOLCHAIN_ARM_STD/startup_stm32l152xe.o(RESET)
 <LI><a href="#[27]">DMA1_Channel2_IRQHandler</a> from mbed/TARGET_NUCLEO_L152RE/TOOLCHAIN_ARM_STD/startup_stm32l152xe.o(.text) referenced from mbed/TARGET_NUCLEO_L152RE/TOOLCHAIN_ARM_STD/startup_stm32l152xe.o(RESET)
 <LI><a href="#[28]">DMA1_Channel3_IRQHandler</a> from mbed/TARGET_NUCLEO_L152RE/TOOLCHAIN_ARM_STD/startup_stm32l152xe.o(.text) referenced from mbed/TARGET_NUCLEO_L152RE/TOOLCHAIN_ARM_STD/startup_stm32l152xe.o(RESET)
 <LI><a href="#[29]">DMA1_Channel4_IRQHandler</a> from mbed/TARGET_NUCLEO_L152RE/TOOLCHAIN_ARM_STD/startup_stm32l152xe.o(.text) referenced from mbed/TARGET_NUCLEO_L152RE/TOOLCHAIN_ARM_STD/startup_stm32l152xe.o(RESET)
 <LI><a href="#[2a]">DMA1_Channel5_IRQHandler</a> from mbed/TARGET_NUCLEO_L152RE/TOOLCHAIN_ARM_STD/startup_stm32l152xe.o(.text) referenced from mbed/TARGET_NUCLEO_L152RE/TOOLCHAIN_ARM_STD/startup_stm32l152xe.o(RESET)
 <LI><a href="#[2b]">DMA1_Channel6_IRQHandler</a> from mbed/TARGET_NUCLEO_L152RE/TOOLCHAIN_ARM_STD/startup_stm32l152xe.o(.text) referenced from mbed/TARGET_NUCLEO_L152RE/TOOLCHAIN_ARM_STD/startup_stm32l152xe.o(RESET)
 <LI><a href="#[2c]">DMA1_Channel7_IRQHandler</a> from mbed/TARGET_NUCLEO_L152RE/TOOLCHAIN_ARM_STD/startup_stm32l152xe.o(.text) referenced from mbed/TARGET_NUCLEO_L152RE/TOOLCHAIN_ARM_STD/startup_stm32l152xe.o(RESET)
 <LI><a href="#[4c]">DMA2_Channel1_IRQHandler</a> from mbed/TARGET_NUCLEO_L152RE/TOOLCHAIN_ARM_STD/startup_stm32l152xe.o(.text) referenced from mbed/TARGET_NUCLEO_L152RE/TOOLCHAIN_ARM_STD/startup_stm32l152xe.o(RESET)
 <LI><a href="#[4d]">DMA2_Channel2_IRQHandler</a> from mbed/TARGET_NUCLEO_L152RE/TOOLCHAIN_ARM_STD/startup_stm32l152xe.o(.text) referenced from mbed/TARGET_NUCLEO_L152RE/TOOLCHAIN_ARM_STD/startup_stm32l152xe.o(RESET)
 <LI><a href="#[4e]">DMA2_Channel3_IRQHandler</a> from mbed/TARGET_NUCLEO_L152RE/TOOLCHAIN_ARM_STD/startup_stm32l152xe.o(.text) referenced from mbed/TARGET_NUCLEO_L152RE/TOOLCHAIN_ARM_STD/startup_stm32l152xe.o(RESET)
 <LI><a href="#[4f]">DMA2_Channel4_IRQHandler</a> from mbed/TARGET_NUCLEO_L152RE/TOOLCHAIN_ARM_STD/startup_stm32l152xe.o(.text) referenced from mbed/TARGET_NUCLEO_L152RE/TOOLCHAIN_ARM_STD/startup_stm32l152xe.o(RESET)
 <LI><a href="#[50]">DMA2_Channel5_IRQHandler</a> from mbed/TARGET_NUCLEO_L152RE/TOOLCHAIN_ARM_STD/startup_stm32l152xe.o(.text) referenced from mbed/TARGET_NUCLEO_L152RE/TOOLCHAIN_ARM_STD/startup_stm32l152xe.o(RESET)
 <LI><a href="#[18]">DebugMon_Handler</a> from mbed/TARGET_NUCLEO_L152RE/TOOLCHAIN_ARM_STD/startup_stm32l152xe.o(.text) referenced from mbed/TARGET_NUCLEO_L152RE/TOOLCHAIN_ARM_STD/startup_stm32l152xe.o(RESET)
 <LI><a href="#[21]">EXTI0_IRQHandler</a> from mbed/TARGET_NUCLEO_L152RE/TOOLCHAIN_ARM_STD/startup_stm32l152xe.o(.text) referenced from mbed/TARGET_NUCLEO_L152RE/TOOLCHAIN_ARM_STD/startup_stm32l152xe.o(RESET)
 <LI><a href="#[43]">EXTI15_10_IRQHandler</a> from mbed/TARGET_NUCLEO_L152RE/TOOLCHAIN_ARM_STD/startup_stm32l152xe.o(.text) referenced from mbed/TARGET_NUCLEO_L152RE/TOOLCHAIN_ARM_STD/startup_stm32l152xe.o(RESET)
 <LI><a href="#[22]">EXTI1_IRQHandler</a> from mbed/TARGET_NUCLEO_L152RE/TOOLCHAIN_ARM_STD/startup_stm32l152xe.o(.text) referenced from mbed/TARGET_NUCLEO_L152RE/TOOLCHAIN_ARM_STD/startup_stm32l152xe.o(RESET)
 <LI><a href="#[23]">EXTI2_IRQHandler</a> from mbed/TARGET_NUCLEO_L152RE/TOOLCHAIN_ARM_STD/startup_stm32l152xe.o(.text) referenced from mbed/TARGET_NUCLEO_L152RE/TOOLCHAIN_ARM_STD/startup_stm32l152xe.o(RESET)
 <LI><a href="#[24]">EXTI3_IRQHandler</a> from mbed/TARGET_NUCLEO_L152RE/TOOLCHAIN_ARM_STD/startup_stm32l152xe.o(.text) referenced from mbed/TARGET_NUCLEO_L152RE/TOOLCHAIN_ARM_STD/startup_stm32l152xe.o(RESET)
 <LI><a href="#[25]">EXTI4_IRQHandler</a> from mbed/TARGET_NUCLEO_L152RE/TOOLCHAIN_ARM_STD/startup_stm32l152xe.o(.text) referenced from mbed/TARGET_NUCLEO_L152RE/TOOLCHAIN_ARM_STD/startup_stm32l152xe.o(RESET)
 <LI><a href="#[32]">EXTI9_5_IRQHandler</a> from mbed/TARGET_NUCLEO_L152RE/TOOLCHAIN_ARM_STD/startup_stm32l152xe.o(.text) referenced from mbed/TARGET_NUCLEO_L152RE/TOOLCHAIN_ARM_STD/startup_stm32l152xe.o(RESET)
 <LI><a href="#[1f]">FLASH_IRQHandler</a> from mbed/TARGET_NUCLEO_L152RE/TOOLCHAIN_ARM_STD/startup_stm32l152xe.o(.text) referenced from mbed/TARGET_NUCLEO_L152RE/TOOLCHAIN_ARM_STD/startup_stm32l152xe.o(RESET)
 <LI><a href="#[13]">HardFault_Handler</a> from mbed/TARGET_NUCLEO_L152RE/TOOLCHAIN_ARM_STD/startup_stm32l152xe.o(.text) referenced from mbed/TARGET_NUCLEO_L152RE/TOOLCHAIN_ARM_STD/startup_stm32l152xe.o(RESET)
 <LI><a href="#[3b]">I2C1_ER_IRQHandler</a> from mbed/TARGET_NUCLEO_L152RE/TOOLCHAIN_ARM_STD/startup_stm32l152xe.o(.text) referenced from mbed/TARGET_NUCLEO_L152RE/TOOLCHAIN_ARM_STD/startup_stm32l152xe.o(RESET)
 <LI><a href="#[3a]">I2C1_EV_IRQHandler</a> from mbed/TARGET_NUCLEO_L152RE/TOOLCHAIN_ARM_STD/startup_stm32l152xe.o(.text) referenced from mbed/TARGET_NUCLEO_L152RE/TOOLCHAIN_ARM_STD/startup_stm32l152xe.o(RESET)
 <LI><a href="#[3d]">I2C2_ER_IRQHandler</a> from mbed/TARGET_NUCLEO_L152RE/TOOLCHAIN_ARM_STD/startup_stm32l152xe.o(.text) referenced from mbed/TARGET_NUCLEO_L152RE/TOOLCHAIN_ARM_STD/startup_stm32l152xe.o(RESET)
 <LI><a href="#[3c]">I2C2_EV_IRQHandler</a> from mbed/TARGET_NUCLEO_L152RE/TOOLCHAIN_ARM_STD/startup_stm32l152xe.o(.text) referenced from mbed/TARGET_NUCLEO_L152RE/TOOLCHAIN_ARM_STD/startup_stm32l152xe.o(RESET)
 <LI><a href="#[33]">LCD_IRQHandler</a> from mbed/TARGET_NUCLEO_L152RE/TOOLCHAIN_ARM_STD/startup_stm32l152xe.o(.text) referenced from mbed/TARGET_NUCLEO_L152RE/TOOLCHAIN_ARM_STD/startup_stm32l152xe.o(RESET)
 <LI><a href="#[14]">MemManage_Handler</a> from mbed/TARGET_NUCLEO_L152RE/TOOLCHAIN_ARM_STD/startup_stm32l152xe.o(.text) referenced from mbed/TARGET_NUCLEO_L152RE/TOOLCHAIN_ARM_STD/startup_stm32l152xe.o(RESET)
 <LI><a href="#[12]">NMI_Handler</a> from mbed/TARGET_NUCLEO_L152RE/TOOLCHAIN_ARM_STD/startup_stm32l152xe.o(.text) referenced from mbed/TARGET_NUCLEO_L152RE/TOOLCHAIN_ARM_STD/startup_stm32l152xe.o(RESET)
 <LI><a href="#[1c]">PVD_IRQHandler</a> from mbed/TARGET_NUCLEO_L152RE/TOOLCHAIN_ARM_STD/startup_stm32l152xe.o(.text) referenced from mbed/TARGET_NUCLEO_L152RE/TOOLCHAIN_ARM_STD/startup_stm32l152xe.o(RESET)
 <LI><a href="#[19]">PendSV_Handler</a> from mbed/TARGET_NUCLEO_L152RE/TOOLCHAIN_ARM_STD/startup_stm32l152xe.o(.text) referenced from mbed/TARGET_NUCLEO_L152RE/TOOLCHAIN_ARM_STD/startup_stm32l152xe.o(RESET)
 <LI><a href="#[20]">RCC_IRQHandler</a> from mbed/TARGET_NUCLEO_L152RE/TOOLCHAIN_ARM_STD/startup_stm32l152xe.o(.text) referenced from mbed/TARGET_NUCLEO_L152RE/TOOLCHAIN_ARM_STD/startup_stm32l152xe.o(RESET)
 <LI><a href="#[44]">RTC_Alarm_IRQHandler</a> from mbed/TARGET_NUCLEO_L152RE/TOOLCHAIN_ARM_STD/startup_stm32l152xe.o(.text) referenced from mbed/TARGET_NUCLEO_L152RE/TOOLCHAIN_ARM_STD/startup_stm32l152xe.o(RESET)
 <LI><a href="#[1e]">RTC_WKUP_IRQHandler</a> from mbed/TARGET_NUCLEO_L152RE/TOOLCHAIN_ARM_STD/startup_stm32l152xe.o(.text) referenced from mbed/TARGET_NUCLEO_L152RE/TOOLCHAIN_ARM_STD/startup_stm32l152xe.o(RESET)
 <LI><a href="#[11]">Reset_Handler</a> from mbed/TARGET_NUCLEO_L152RE/TOOLCHAIN_ARM_STD/startup_stm32l152xe.o(.text) referenced from mbed/TARGET_NUCLEO_L152RE/TOOLCHAIN_ARM_STD/startup_stm32l152xe.o(RESET)
 <LI><a href="#[3e]">SPI1_IRQHandler</a> from mbed/TARGET_NUCLEO_L152RE/TOOLCHAIN_ARM_STD/startup_stm32l152xe.o(.text) referenced from mbed/TARGET_NUCLEO_L152RE/TOOLCHAIN_ARM_STD/startup_stm32l152xe.o(RESET)
 <LI><a href="#[3f]">SPI2_IRQHandler</a> from mbed/TARGET_NUCLEO_L152RE/TOOLCHAIN_ARM_STD/startup_stm32l152xe.o(.text) referenced from mbed/TARGET_NUCLEO_L152RE/TOOLCHAIN_ARM_STD/startup_stm32l152xe.o(RESET)
 <LI><a href="#[49]">SPI3_IRQHandler</a> from mbed/TARGET_NUCLEO_L152RE/TOOLCHAIN_ARM_STD/startup_stm32l152xe.o(.text) referenced from mbed/TARGET_NUCLEO_L152RE/TOOLCHAIN_ARM_STD/startup_stm32l152xe.o(RESET)
 <LI><a href="#[17]">SVC_Handler</a> from mbed/TARGET_NUCLEO_L152RE/TOOLCHAIN_ARM_STD/startup_stm32l152xe.o(.text) referenced from mbed/TARGET_NUCLEO_L152RE/TOOLCHAIN_ARM_STD/startup_stm32l152xe.o(RESET)
 <LI><a href="#[1a]">SysTick_Handler</a> from mbed/TARGET_NUCLEO_L152RE/TOOLCHAIN_ARM_STD/startup_stm32l152xe.o(.text) referenced from mbed/TARGET_NUCLEO_L152RE/TOOLCHAIN_ARM_STD/startup_stm32l152xe.o(RESET)
 <LI><a href="#[52]">SystemInit</a> from mbed/TARGET_NUCLEO_L152RE/TOOLCHAIN_ARM_STD/system_stm32l1xx.o(i.SystemInit) referenced from mbed/TARGET_NUCLEO_L152RE/TOOLCHAIN_ARM_STD/startup_stm32l152xe.o(.text)
 <LI><a href="#[1d]">TAMPER_STAMP_IRQHandler</a> from mbed/TARGET_NUCLEO_L152RE/TOOLCHAIN_ARM_STD/startup_stm32l152xe.o(.text) referenced from mbed/TARGET_NUCLEO_L152RE/TOOLCHAIN_ARM_STD/startup_stm32l152xe.o(RESET)
 <LI><a href="#[35]">TIM10_IRQHandler</a> from mbed/TARGET_NUCLEO_L152RE/TOOLCHAIN_ARM_STD/startup_stm32l152xe.o(.text) referenced from mbed/TARGET_NUCLEO_L152RE/TOOLCHAIN_ARM_STD/startup_stm32l152xe.o(RESET)
 <LI><a href="#[36]">TIM11_IRQHandler</a> from mbed/TARGET_NUCLEO_L152RE/TOOLCHAIN_ARM_STD/startup_stm32l152xe.o(.text) referenced from mbed/TARGET_NUCLEO_L152RE/TOOLCHAIN_ARM_STD/startup_stm32l152xe.o(RESET)
 <LI><a href="#[37]">TIM2_IRQHandler</a> from mbed/TARGET_NUCLEO_L152RE/TOOLCHAIN_ARM_STD/startup_stm32l152xe.o(.text) referenced from mbed/TARGET_NUCLEO_L152RE/TOOLCHAIN_ARM_STD/startup_stm32l152xe.o(RESET)
 <LI><a href="#[38]">TIM3_IRQHandler</a> from mbed/TARGET_NUCLEO_L152RE/TOOLCHAIN_ARM_STD/startup_stm32l152xe.o(.text) referenced from mbed/TARGET_NUCLEO_L152RE/TOOLCHAIN_ARM_STD/startup_stm32l152xe.o(RESET)
 <LI><a href="#[39]">TIM4_IRQHandler</a> from mbed/TARGET_NUCLEO_L152RE/TOOLCHAIN_ARM_STD/startup_stm32l152xe.o(.text) referenced from mbed/TARGET_NUCLEO_L152RE/TOOLCHAIN_ARM_STD/startup_stm32l152xe.o(RESET)
 <LI><a href="#[48]">TIM5_IRQHandler</a> from mbed/TARGET_NUCLEO_L152RE/TOOLCHAIN_ARM_STD/startup_stm32l152xe.o(.text) referenced from mbed/TARGET_NUCLEO_L152RE/TOOLCHAIN_ARM_STD/startup_stm32l152xe.o(RESET)
 <LI><a href="#[46]">TIM6_IRQHandler</a> from mbed/TARGET_NUCLEO_L152RE/TOOLCHAIN_ARM_STD/startup_stm32l152xe.o(.text) referenced from mbed/TARGET_NUCLEO_L152RE/TOOLCHAIN_ARM_STD/startup_stm32l152xe.o(RESET)
 <LI><a href="#[47]">TIM7_IRQHandler</a> from mbed/TARGET_NUCLEO_L152RE/TOOLCHAIN_ARM_STD/startup_stm32l152xe.o(.text) referenced from mbed/TARGET_NUCLEO_L152RE/TOOLCHAIN_ARM_STD/startup_stm32l152xe.o(RESET)
 <LI><a href="#[34]">TIM9_IRQHandler</a> from mbed/TARGET_NUCLEO_L152RE/TOOLCHAIN_ARM_STD/startup_stm32l152xe.o(.text) referenced from mbed/TARGET_NUCLEO_L152RE/TOOLCHAIN_ARM_STD/startup_stm32l152xe.o(RESET)
 <LI><a href="#[4a]">UART4_IRQHandler</a> from mbed/TARGET_NUCLEO_L152RE/TOOLCHAIN_ARM_STD/startup_stm32l152xe.o(.text) referenced from mbed/TARGET_NUCLEO_L152RE/TOOLCHAIN_ARM_STD/startup_stm32l152xe.o(RESET)
 <LI><a href="#[4b]">UART5_IRQHandler</a> from mbed/TARGET_NUCLEO_L152RE/TOOLCHAIN_ARM_STD/startup_stm32l152xe.o(.text) referenced from mbed/TARGET_NUCLEO_L152RE/TOOLCHAIN_ARM_STD/startup_stm32l152xe.o(RESET)
 <LI><a href="#[40]">USART1_IRQHandler</a> from mbed/TARGET_NUCLEO_L152RE/TOOLCHAIN_ARM_STD/startup_stm32l152xe.o(.text) referenced from mbed/TARGET_NUCLEO_L152RE/TOOLCHAIN_ARM_STD/startup_stm32l152xe.o(RESET)
 <LI><a href="#[41]">USART2_IRQHandler</a> from mbed/TARGET_NUCLEO_L152RE/TOOLCHAIN_ARM_STD/startup_stm32l152xe.o(.text) referenced from mbed/TARGET_NUCLEO_L152RE/TOOLCHAIN_ARM_STD/startup_stm32l152xe.o(RESET)
 <LI><a href="#[42]">USART3_IRQHandler</a> from mbed/TARGET_NUCLEO_L152RE/TOOLCHAIN_ARM_STD/startup_stm32l152xe.o(.text) referenced from mbed/TARGET_NUCLEO_L152RE/TOOLCHAIN_ARM_STD/startup_stm32l152xe.o(RESET)
 <LI><a href="#[45]">USB_FS_WKUP_IRQHandler</a> from mbed/TARGET_NUCLEO_L152RE/TOOLCHAIN_ARM_STD/startup_stm32l152xe.o(.text) referenced from mbed/TARGET_NUCLEO_L152RE/TOOLCHAIN_ARM_STD/startup_stm32l152xe.o(RESET)
 <LI><a href="#[2e]">USB_HP_IRQHandler</a> from mbed/TARGET_NUCLEO_L152RE/TOOLCHAIN_ARM_STD/startup_stm32l152xe.o(.text) referenced from mbed/TARGET_NUCLEO_L152RE/TOOLCHAIN_ARM_STD/startup_stm32l152xe.o(RESET)
 <LI><a href="#[2f]">USB_LP_IRQHandler</a> from mbed/TARGET_NUCLEO_L152RE/TOOLCHAIN_ARM_STD/startup_stm32l152xe.o(.text) referenced from mbed/TARGET_NUCLEO_L152RE/TOOLCHAIN_ARM_STD/startup_stm32l152xe.o(RESET)
 <LI><a href="#[16]">UsageFault_Handler</a> from mbed/TARGET_NUCLEO_L152RE/TOOLCHAIN_ARM_STD/startup_stm32l152xe.o(.text) referenced from mbed/TARGET_NUCLEO_L152RE/TOOLCHAIN_ARM_STD/startup_stm32l152xe.o(RESET)
 <LI><a href="#[1b]">WWDG_IRQHandler</a> from mbed/TARGET_NUCLEO_L152RE/TOOLCHAIN_ARM_STD/startup_stm32l152xe.o(.text) referenced from mbed/TARGET_NUCLEO_L152RE/TOOLCHAIN_ARM_STD/startup_stm32l152xe.o(RESET)
 <LI><a href="#[73]">OnRxTimeout()</a> from .\build\main.o(i._Z11OnRxTimeoutv) referenced from .\build\main.o(i.main)
 <LI><a href="#[72]">OnTxTimeout()</a> from .\build\main.o(i._Z11OnTxTimeoutv) referenced from .\build\main.o(i.main)
 <LI><a href="#[70]">OnRxDone(unsigned char*, unsigned short, short, signed char)</a> from .\build\main.o(i._Z8OnRxDonePhtsa) referenced from .\build\main.o(i.main)
 <LI><a href="#[6f]">OnTxDone()</a> from .\build\main.o(i._Z8OnTxDonev) referenced from .\build\main.o(i.main)
 <LI><a href="#[71]">OnRxError()</a> from .\build\main.o(i._Z9OnRxErrorv) referenced from .\build\main.o(i.main)
 <LI><a href="#[95]">SX1276MB1xAS::AntSwDeInit()</a> from .\build\sx1276-hal.o(i._ZN12SX1276MB1xAS11AntSwDeInitEv) referenced from .\build\sx1276-hal.o(.constdata__ZTV12SX1276MB1xAS)
 <LI><a href="#[92]">SX1276MB1xAS::GetPaSelect(unsigned)</a> from .\build\sx1276-hal.o(i._ZN12SX1276MB1xAS11GetPaSelectEj) referenced from .\build\sx1276-hal.o(.constdata__ZTV12SX1276MB1xAS)
 <LI><a href="#[91]">SX1276MB1xAS::SetRfTxPower(signed char)</a> from .\build\sx1276-hal.o(i._ZN12SX1276MB1xAS12SetRfTxPowerEa) referenced from .\build\sx1276-hal.o(.constdata__ZTV12SX1276MB1xAS)
 <LI><a href="#[9e]">SX1276MB1xAS::DetectBoardType()</a> from .\build\sx1276-hal.o(i._ZN12SX1276MB1xAS15DetectBoardTypeEv) referenced from .\build\sx1276-hal.o(.constdata__ZTV12SX1276MB1xAS)
 <LI><a href="#[93]">SX1276MB1xAS::SetAntSwLowPower(bool)</a> from .\build\sx1276-hal.o(i._ZN12SX1276MB1xAS16SetAntSwLowPowerEb) referenced from .\build\sx1276-hal.o(.constdata__ZTV12SX1276MB1xAS)
 <LI><a href="#[8e]">SX1276MB1xAS::RadioRegistersInit()</a> from .\build\sx1276-hal.o(i._ZN12SX1276MB1xAS18RadioRegistersInitEv) referenced from .\build\sx1276-hal.o(.constdata__ZTV12SX1276MB1xAS)
 <LI><a href="#[86]">SX1276MB1xAS::Read(unsigned char)</a> from .\build\sx1276-hal.o(i._ZN12SX1276MB1xAS4ReadEh) referenced from .\build\sx1276-hal.o(.constdata__ZTV12SX1276MB1xAS)
 <LI><a href="#[88]">SX1276MB1xAS::Read(unsigned char, unsigned char*, unsigned char)</a> from .\build\sx1276-hal.o(i._ZN12SX1276MB1xAS4ReadEhPhh) referenced from .\build\sx1276-hal.o(.constdata__ZTV12SX1276MB1xAS)
 <LI><a href="#[8c]">SX1276MB1xAS::Reset()</a> from .\build\sx1276-hal.o(i._ZN12SX1276MB1xAS5ResetEv) referenced from .\build\sx1276-hal.o(.constdata__ZTV12SX1276MB1xAS)
 <LI><a href="#[87]">SX1276MB1xAS::Write(unsigned char, unsigned char*, unsigned char)</a> from .\build\sx1276-hal.o(i._ZN12SX1276MB1xAS5WriteEhPhh) referenced from .\build\sx1276-hal.o(.constdata__ZTV12SX1276MB1xAS)
 <LI><a href="#[85]">SX1276MB1xAS::Write(unsigned char, unsigned char)</a> from .\build\sx1276-hal.o(i._ZN12SX1276MB1xAS5WriteEhh) referenced from .\build\sx1276-hal.o(.constdata__ZTV12SX1276MB1xAS)
 <LI><a href="#[8d]">SX1276MB1xAS::IoInit()</a> from .\build\sx1276-hal.o(i._ZN12SX1276MB1xAS6IoInitEv) referenced from .\build\sx1276-hal.o(.constdata__ZTV12SX1276MB1xAS)
 <LI><a href="#[8f]">SX1276MB1xAS::SpiInit()</a> from .\build\sx1276-hal.o(i._ZN12SX1276MB1xAS7SpiInitEv) referenced from .\build\sx1276-hal.o(.constdata__ZTV12SX1276MB1xAS)
 <LI><a href="#[8a]">SX1276MB1xAS::ReadFifo(unsigned char*, unsigned char)</a> from .\build\sx1276-hal.o(i._ZN12SX1276MB1xAS8ReadFifoEPhh) referenced from .\build\sx1276-hal.o(.constdata__ZTV12SX1276MB1xAS)
 <LI><a href="#[96]">SX1276MB1xAS::SetAntSw(unsigned char)</a> from .\build\sx1276-hal.o(i._ZN12SX1276MB1xAS8SetAntSwEh) referenced from .\build\sx1276-hal.o(.constdata__ZTV12SX1276MB1xAS)
 <LI><a href="#[94]">SX1276MB1xAS::AntSwInit()</a> from .\build\sx1276-hal.o(i._ZN12SX1276MB1xAS9AntSwInitEv) referenced from .\build\sx1276-hal.o(.constdata__ZTV12SX1276MB1xAS)
 <LI><a href="#[90]">SX1276MB1xAS::IoIrqInit(void(SX1276::**)())</a> from .\build\sx1276-hal.o(i._ZN12SX1276MB1xAS9IoIrqInitEPM6SX1276FvvE) referenced from .\build\sx1276-hal.o(.constdata__ZTV12SX1276MB1xAS)
 <LI><a href="#[89]">SX1276MB1xAS::WriteFifo(unsigned char*, unsigned char)</a> from .\build\sx1276-hal.o(i._ZN12SX1276MB1xAS9WriteFifoEPhh) referenced from .\build\sx1276-hal.o(.constdata__ZTV12SX1276MB1xAS)
 <LI><a href="#[67]">SX1276MB1xAS::~SX1276MB1xAS()</a> from .\build\main.o(i._ZN12SX1276MB1xASD1Ev) referenced from .\build\sx1276-hal.o(.constdata__ZTV12SX1276MB1xAS)
 <LI><a href="#[67]">SX1276MB1xAS::~SX1276MB1xAS()</a> from .\build\main.o(i._ZN12SX1276MB1xASD1Ev) referenced from .\build\main.o(i.__sti___8_main_cpp_led)
 <LI><a href="#[60]">mbed::SerialBase::_irq_handler(unsigned, SerialIrq)</a> from mbed/TARGET_NUCLEO_L152RE/TOOLCHAIN_ARM_STD/mbed.ar(SerialBase.o)(i._ZN4mbed10SerialBase12_irq_handlerEj9SerialIrq) referenced from mbed/TARGET_NUCLEO_L152RE/TOOLCHAIN_ARM_STD/mbed.ar(SerialBase.o)(i._ZN4mbed10SerialBaseC1E7PinNameS1_i)
 <LI><a href="#[75]">mbed::SerialBase::interrupt_handler_asynch()</a> from mbed/TARGET_NUCLEO_L152RE/TOOLCHAIN_ARM_STD/mbed.ar(SerialBase.o)(i._ZN4mbed10SerialBase24interrupt_handler_asynchEv) referenced from mbed/TARGET_NUCLEO_L152RE/TOOLCHAIN_ARM_STD/mbed.ar(SerialBase.o)(.constdata)
 <LI><a href="#[a1]">mbed::SerialBase::lock()</a> from mbed/TARGET_NUCLEO_L152RE/TOOLCHAIN_ARM_STD/mbed.ar(SerialBase.o)(i._ZN4mbed10SerialBase4lockEv) referenced from mbed/TARGET_NUCLEO_L152RE/TOOLCHAIN_ARM_STD/mbed.ar(SerialBase.o)(.constdata__ZTVN4mbed10SerialBaseE)
 <LI><a href="#[a2]">mbed::SerialBase::unlock()</a> from mbed/TARGET_NUCLEO_L152RE/TOOLCHAIN_ARM_STD/mbed.ar(SerialBase.o)(i._ZN4mbed10SerialBase6unlockEv) referenced from mbed/TARGET_NUCLEO_L152RE/TOOLCHAIN_ARM_STD/mbed.ar(SerialBase.o)(.constdata__ZTVN4mbed10SerialBaseE)
 <LI><a href="#[61]">mbed::TimerEvent::irq(unsigned)</a> from mbed/TARGET_NUCLEO_L152RE/TOOLCHAIN_ARM_STD/mbed.ar(TimerEvent.o)(i._ZN4mbed10TimerEvent3irqEj) referenced from mbed/TARGET_NUCLEO_L152RE/TOOLCHAIN_ARM_STD/mbed.ar(TimerEvent.o)(i._ZN4mbed10TimerEventC2Ev)
 <LI><a href="#[a3]">mbed::TimerEvent::~TimerEvent__sub_object()</a> from mbed/TARGET_NUCLEO_L152RE/TOOLCHAIN_ARM_STD/mbed.ar(TimerEvent.o)(i._ZN4mbed10TimerEventD2Ev) referenced from mbed/TARGET_NUCLEO_L152RE/TOOLCHAIN_ARM_STD/mbed.ar(TimerEvent.o)(.constdata__ZTVN4mbed10TimerEventE)
 <LI><a href="#[63]">mbed::InterruptIn::_irq_handler(unsigned, gpio_irq_event)</a> from mbed/TARGET_NUCLEO_L152RE/TOOLCHAIN_ARM_STD/mbed.ar(InterruptIn.o)(i._ZN4mbed11InterruptIn12_irq_handlerEj14gpio_irq_event) referenced from mbed/TARGET_NUCLEO_L152RE/TOOLCHAIN_ARM_STD/mbed.ar(InterruptIn.o)(i._ZN4mbed11InterruptInC1E7PinName)
 <LI><a href="#[a4]">mbed::InterruptIn::~InterruptIn()</a> from mbed/TARGET_NUCLEO_L152RE/TOOLCHAIN_ARM_STD/mbed.ar(InterruptIn.o)(i._ZN4mbed11InterruptInD1Ev) referenced from mbed/TARGET_NUCLEO_L152RE/TOOLCHAIN_ARM_STD/mbed.ar(InterruptIn.o)(.constdata__ZTVN4mbed11InterruptInE)
 <LI><a href="#[74]">mbed::SPI::irq_handler_asynch()</a> from mbed/TARGET_NUCLEO_L152RE/TOOLCHAIN_ARM_STD/mbed.ar(SPI.o)(i._ZN4mbed3SPI18irq_handler_asynchEv) referenced from mbed/TARGET_NUCLEO_L152RE/TOOLCHAIN_ARM_STD/mbed.ar(SPI.o)(.constdata)
 <LI><a href="#[a6]">mbed::SPI::lock()</a> from mbed/TARGET_NUCLEO_L152RE/TOOLCHAIN_ARM_STD/mbed.ar(SPI.o)(i._ZN4mbed3SPI4lockEv) referenced from mbed/TARGET_NUCLEO_L152RE/TOOLCHAIN_ARM_STD/mbed.ar(SPI.o)(.constdata__ZTVN4mbed3SPIE)
 <LI><a href="#[a5]">mbed::SPI::write(int)</a> from mbed/TARGET_NUCLEO_L152RE/TOOLCHAIN_ARM_STD/mbed.ar(SPI.o)(i._ZN4mbed3SPI5writeEi) referenced from mbed/TARGET_NUCLEO_L152RE/TOOLCHAIN_ARM_STD/mbed.ar(SPI.o)(.constdata__ZTVN4mbed3SPIE)
 <LI><a href="#[a7]">mbed::SPI::unlock()</a> from mbed/TARGET_NUCLEO_L152RE/TOOLCHAIN_ARM_STD/mbed.ar(SPI.o)(i._ZN4mbed3SPI6unlockEv) referenced from mbed/TARGET_NUCLEO_L152RE/TOOLCHAIN_ARM_STD/mbed.ar(SPI.o)(.constdata__ZTVN4mbed3SPIE)
 <LI><a href="#[a8]">mbed::Serial::lock()</a> from mbed/TARGET_NUCLEO_L152RE/TOOLCHAIN_ARM_STD/mbed.ar(Serial.o)(i._ZN4mbed6Serial4lockEv) referenced from mbed/TARGET_NUCLEO_L152RE/TOOLCHAIN_ARM_STD/mbed.ar(Serial.o)(.constdata__ZTVN4mbed6SerialE)
 <LI><a href="#[a9]">mbed::Serial::unlock()</a> from mbed/TARGET_NUCLEO_L152RE/TOOLCHAIN_ARM_STD/mbed.ar(Serial.o)(i._ZN4mbed6Serial6unlockEv) referenced from mbed/TARGET_NUCLEO_L152RE/TOOLCHAIN_ARM_STD/mbed.ar(Serial.o)(.constdata__ZTVN4mbed6SerialE)
 <LI><a href="#[66]">mbed::Serial::~Serial()</a> from mbed/TARGET_NUCLEO_L152RE/TOOLCHAIN_ARM_STD/mbed.ar(Serial.o)(i._ZN4mbed6SerialD1Ev) referenced from mbed/TARGET_NUCLEO_L152RE/TOOLCHAIN_ARM_STD/mbed.ar(Serial.o)(.constdata__ZTVN4mbed6SerialE)
 <LI><a href="#[66]">mbed::Serial::~Serial()</a> from mbed/TARGET_NUCLEO_L152RE/TOOLCHAIN_ARM_STD/mbed.ar(Serial.o)(i._ZN4mbed6SerialD1Ev) referenced from .\build\main.o(i.__sti___8_main_cpp_led)
 <LI><a href="#[aa]">mbed::Stream::read(void*, unsigned)</a> from mbed/TARGET_NUCLEO_L152RE/TOOLCHAIN_ARM_STD/mbed.ar(Stream.o)(i._ZN4mbed6Stream4readEPvj) referenced from mbed/TARGET_NUCLEO_L152RE/TOOLCHAIN_ARM_STD/mbed.ar(Serial.o)(.constdata__ZTVN4mbed6SerialE)
 <LI><a href="#[aa]">mbed::Stream::read(void*, unsigned)</a> from mbed/TARGET_NUCLEO_L152RE/TOOLCHAIN_ARM_STD/mbed.ar(Stream.o)(i._ZN4mbed6Stream4readEPvj) referenced from mbed/TARGET_NUCLEO_L152RE/TOOLCHAIN_ARM_STD/mbed.ar(Stream.o)(.constdata__ZTVN4mbed6StreamE)
 <LI><a href="#[ae]">mbed::Stream::seek(long, int)</a> from mbed/TARGET_NUCLEO_L152RE/TOOLCHAIN_ARM_STD/mbed.ar(Stream.o)(i._ZN4mbed6Stream4seekEli) referenced from mbed/TARGET_NUCLEO_L152RE/TOOLCHAIN_ARM_STD/mbed.ar(Serial.o)(.constdata__ZTVN4mbed6SerialE)
 <LI><a href="#[ae]">mbed::Stream::seek(long, int)</a> from mbed/TARGET_NUCLEO_L152RE/TOOLCHAIN_ARM_STD/mbed.ar(Stream.o)(i._ZN4mbed6Stream4seekEli) referenced from mbed/TARGET_NUCLEO_L152RE/TOOLCHAIN_ARM_STD/mbed.ar(Stream.o)(.constdata__ZTVN4mbed6StreamE)
 <LI><a href="#[af]">mbed::Stream::size()</a> from mbed/TARGET_NUCLEO_L152RE/TOOLCHAIN_ARM_STD/mbed.ar(Stream.o)(i._ZN4mbed6Stream4sizeEv) referenced from mbed/TARGET_NUCLEO_L152RE/TOOLCHAIN_ARM_STD/mbed.ar(Serial.o)(.constdata__ZTVN4mbed6SerialE)
 <LI><a href="#[af]">mbed::Stream::size()</a> from mbed/TARGET_NUCLEO_L152RE/TOOLCHAIN_ARM_STD/mbed.ar(Stream.o)(i._ZN4mbed6Stream4sizeEv) referenced from mbed/TARGET_NUCLEO_L152RE/TOOLCHAIN_ARM_STD/mbed.ar(Stream.o)(.constdata__ZTVN4mbed6StreamE)
 <LI><a href="#[ac]">mbed::Stream::close()</a> from mbed/TARGET_NUCLEO_L152RE/TOOLCHAIN_ARM_STD/mbed.ar(Stream.o)(i._ZN4mbed6Stream5closeEv) referenced from mbed/TARGET_NUCLEO_L152RE/TOOLCHAIN_ARM_STD/mbed.ar(Serial.o)(.constdata__ZTVN4mbed6SerialE)
 <LI><a href="#[ac]">mbed::Stream::close()</a> from mbed/TARGET_NUCLEO_L152RE/TOOLCHAIN_ARM_STD/mbed.ar(Stream.o)(i._ZN4mbed6Stream5closeEv) referenced from mbed/TARGET_NUCLEO_L152RE/TOOLCHAIN_ARM_STD/mbed.ar(Stream.o)(.constdata__ZTVN4mbed6StreamE)
 <LI><a href="#[ab]">mbed::Stream::write(const void*, unsigned)</a> from mbed/TARGET_NUCLEO_L152RE/TOOLCHAIN_ARM_STD/mbed.ar(Stream.o)(i._ZN4mbed6Stream5writeEPKvj) referenced from mbed/TARGET_NUCLEO_L152RE/TOOLCHAIN_ARM_STD/mbed.ar(Serial.o)(.constdata__ZTVN4mbed6SerialE)
 <LI><a href="#[ab]">mbed::Stream::write(const void*, unsigned)</a> from mbed/TARGET_NUCLEO_L152RE/TOOLCHAIN_ARM_STD/mbed.ar(Stream.o)(i._ZN4mbed6Stream5writeEPKvj) referenced from mbed/TARGET_NUCLEO_L152RE/TOOLCHAIN_ARM_STD/mbed.ar(Stream.o)(.constdata__ZTVN4mbed6StreamE)
 <LI><a href="#[ad]">mbed::Stream::isatty()</a> from mbed/TARGET_NUCLEO_L152RE/TOOLCHAIN_ARM_STD/mbed.ar(Stream.o)(i._ZN4mbed6Stream6isattyEv) referenced from mbed/TARGET_NUCLEO_L152RE/TOOLCHAIN_ARM_STD/mbed.ar(Serial.o)(.constdata__ZTVN4mbed6SerialE)
 <LI><a href="#[ad]">mbed::Stream::isatty()</a> from mbed/TARGET_NUCLEO_L152RE/TOOLCHAIN_ARM_STD/mbed.ar(Stream.o)(i._ZN4mbed6Stream6isattyEv) referenced from mbed/TARGET_NUCLEO_L152RE/TOOLCHAIN_ARM_STD/mbed.ar(Stream.o)(.constdata__ZTVN4mbed6StreamE)
 <LI><a href="#[b4]">mbed::Stream::~Stream__sub_object()</a> from mbed/TARGET_NUCLEO_L152RE/TOOLCHAIN_ARM_STD/mbed.ar(Stream.o)(i._ZN4mbed6StreamD2Ev) referenced from mbed/TARGET_NUCLEO_L152RE/TOOLCHAIN_ARM_STD/mbed.ar(Stream.o)(.constdata__ZTVN4mbed6StreamE)
 <LI><a href="#[b7]">mbed::Ticker::handler()</a> from mbed/TARGET_NUCLEO_L152RE/TOOLCHAIN_ARM_STD/mbed.ar(Ticker.o)(i._ZN4mbed6Ticker7handlerEv) referenced from mbed/TARGET_NUCLEO_L152RE/TOOLCHAIN_ARM_STD/mbed.ar(Ticker.o)(.constdata__ZTVN4mbed6TickerE)
 <LI><a href="#[b9]">mbed::Timeout::handler()</a> from mbed/TARGET_NUCLEO_L152RE/TOOLCHAIN_ARM_STD/mbed.ar(Timeout.o)(i._ZN4mbed7Timeout7handlerEv) referenced from mbed/TARGET_NUCLEO_L152RE/TOOLCHAIN_ARM_STD/mbed.ar(Timeout.o)(.constdata__ZTVN4mbed7TimeoutE)
 <LI><a href="#[b8]">mbed::Timeout::~Timeout()</a> from mbed/TARGET_NUCLEO_L152RE/TOOLCHAIN_ARM_STD/mbed.ar(Timeout.o)(i._ZN4mbed7TimeoutD1Ev) referenced from mbed/TARGET_NUCLEO_L152RE/TOOLCHAIN_ARM_STD/mbed.ar(Timeout.o)(.constdata__ZTVN4mbed7TimeoutE)
 <LI><a href="#[bb]">void mbed::Callback&lang;void()&rang;::function_call&lang;mbed::Callback&lang;void()&rang;::method_context&lang;SX1276MB1xAS, void(SX1276MB1xAS::*)()&rang;&rang;(const void*)</a> from .\build\sx1276-hal.o(t._ZN4mbed8CallbackIFvvEE13function_callINS2_14method_contextI12SX1276MB1xASMS5_FvvEEEEEvPKv) referenced from .\build\sx1276-hal.o(.constdata__ZZN4mbed8CallbackIFvvEE8generateINS2_14method_contextI12SX1276MB1xASMS5_FvvEEEEEvRKT_E3ops)
 <LI><a href="#[be]">void mbed::Callback&lang;void()&rang;::function_call&lang;mbed::Callback&lang;void()&rang;::method_context&lang;SX1276, void(SX1276::*)()&rang;&rang;(const void*)</a> from .\build\sx1276.o(t._ZN4mbed8CallbackIFvvEE13function_callINS2_14method_contextI6SX1276MS5_FvvEEEEEvPKv) referenced from .\build\sx1276.o(.constdata__ZZN4mbed8CallbackIFvvEE8generateINS2_14method_contextI6SX1276MS5_FvvEEEEEvRKT_E3ops)
 <LI><a href="#[c1]">void mbed::Callback&lang;void()&rang;::function_call&lang;void(*)()&rang;(const void*)</a> from mbed/TARGET_NUCLEO_L152RE/TOOLCHAIN_ARM_STD/mbed.ar(InterruptIn.o)(t._ZN4mbed8CallbackIFvvEE13function_callIPS1_EEvPKv) referenced from mbed/TARGET_NUCLEO_L152RE/TOOLCHAIN_ARM_STD/mbed.ar(InterruptIn.o)(.constdata__ZZN4mbed8CallbackIFvvEE8generateIPS1_EEvRKT_E3ops)
 <LI><a href="#[bd]">void mbed::Callback&lang;void()&rang;::function_dtor&lang;mbed::Callback&lang;void()&rang;::method_context&lang;SX1276MB1xAS, void(SX1276MB1xAS::*)()&rang;&rang;(void*)</a> from .\build\sx1276-hal.o(t._ZN4mbed8CallbackIFvvEE13function_dtorINS2_14method_contextI12SX1276MB1xASMS5_FvvEEEEEvPv) referenced from .\build\sx1276-hal.o(.constdata__ZZN4mbed8CallbackIFvvEE8generateINS2_14method_contextI12SX1276MB1xASMS5_FvvEEEEEvRKT_E3ops)
 <LI><a href="#[c0]">void mbed::Callback&lang;void()&rang;::function_dtor&lang;mbed::Callback&lang;void()&rang;::method_context&lang;SX1276, void(SX1276::*)()&rang;&rang;(void*)</a> from .\build\sx1276.o(t._ZN4mbed8CallbackIFvvEE13function_dtorINS2_14method_contextI6SX1276MS5_FvvEEEEEvPv) referenced from .\build\sx1276.o(.constdata__ZZN4mbed8CallbackIFvvEE8generateINS2_14method_contextI6SX1276MS5_FvvEEEEEvRKT_E3ops)
 <LI><a href="#[c3]">void mbed::Callback&lang;void()&rang;::function_dtor&lang;void(*)()&rang;(void*)</a> from mbed/TARGET_NUCLEO_L152RE/TOOLCHAIN_ARM_STD/mbed.ar(InterruptIn.o)(t._ZN4mbed8CallbackIFvvEE13function_dtorIPS1_EEvPv) referenced from mbed/TARGET_NUCLEO_L152RE/TOOLCHAIN_ARM_STD/mbed.ar(InterruptIn.o)(.constdata__ZZN4mbed8CallbackIFvvEE8generateIPS1_EEvRKT_E3ops)
 <LI><a href="#[bc]">void mbed::Callback&lang;void()&rang;::function_move&lang;mbed::Callback&lang;void()&rang;::method_context&lang;SX1276MB1xAS, void(SX1276MB1xAS::*)()&rang;&rang;(void*, const void*)</a> from .\build\sx1276-hal.o(t._ZN4mbed8CallbackIFvvEE13function_moveINS2_14method_contextI12SX1276MB1xASMS5_FvvEEEEEvPvPKv) referenced from .\build\sx1276-hal.o(.constdata__ZZN4mbed8CallbackIFvvEE8generateINS2_14method_contextI12SX1276MB1xASMS5_FvvEEEEEvRKT_E3ops)
 <LI><a href="#[bf]">void mbed::Callback&lang;void()&rang;::function_move&lang;mbed::Callback&lang;void()&rang;::method_context&lang;SX1276, void(SX1276::*)()&rang;&rang;(void*, const void*)</a> from .\build\sx1276.o(t._ZN4mbed8CallbackIFvvEE13function_moveINS2_14method_contextI6SX1276MS5_FvvEEEEEvPvPKv) referenced from .\build\sx1276.o(.constdata__ZZN4mbed8CallbackIFvvEE8generateINS2_14method_contextI6SX1276MS5_FvvEEEEEvRKT_E3ops)
 <LI><a href="#[c2]">void mbed::Callback&lang;void()&rang;::function_move&lang;void(*)()&rang;(void*, const void*)</a> from mbed/TARGET_NUCLEO_L152RE/TOOLCHAIN_ARM_STD/mbed.ar(InterruptIn.o)(t._ZN4mbed8CallbackIFvvEE13function_moveIPS1_EEvPvPKv) referenced from mbed/TARGET_NUCLEO_L152RE/TOOLCHAIN_ARM_STD/mbed.ar(InterruptIn.o)(.constdata__ZZN4mbed8CallbackIFvvEE8generateIPS1_EEvRKT_E3ops)
 <LI><a href="#[65]">mbed::Callback&lang;void()&rang;::~Callback()</a> from mbed/TARGET_NUCLEO_L152RE/TOOLCHAIN_ARM_STD/mbed.ar(Serial.o)(t._ZN4mbed8CallbackIFvvEED1Ev) referenced from mbed/TARGET_NUCLEO_L152RE/TOOLCHAIN_ARM_STD/mbed.ar(Serial.o)(i._ZN4mbed6SerialD1Ev)
 <LI><a href="#[ba]">mbed::FileBase::~FileBase()</a> from mbed/TARGET_NUCLEO_L152RE/TOOLCHAIN_ARM_STD/mbed.ar(FileBase.o)(i._ZN4mbed8FileBaseD1Ev) referenced from mbed/TARGET_NUCLEO_L152RE/TOOLCHAIN_ARM_STD/mbed.ar(FileBase.o)(.constdata__ZTVN4mbed8FileBaseE)
 <LI><a href="#[b5]">mbed::FileLike::lock()</a> from mbed/TARGET_NUCLEO_L152RE/TOOLCHAIN_ARM_STD/mbed.ar(Stream.o)(i._ZN4mbed8FileLike4lockEv) referenced from mbed/TARGET_NUCLEO_L152RE/TOOLCHAIN_ARM_STD/mbed.ar(Stream.o)(.constdata__ZTVN4mbed6StreamE)
 <LI><a href="#[b6]">mbed::FileLike::unlock()</a> from mbed/TARGET_NUCLEO_L152RE/TOOLCHAIN_ARM_STD/mbed.ar(Stream.o)(i._ZN4mbed8FileLike6unlockEv) referenced from mbed/TARGET_NUCLEO_L152RE/TOOLCHAIN_ARM_STD/mbed.ar(Stream.o)(.constdata__ZTVN4mbed6StreamE)
 <LI><a href="#[5f]">mbed::donothing()</a> from mbed/TARGET_NUCLEO_L152RE/TOOLCHAIN_ARM_STD/mbed.ar(SerialBase.o)(i._ZN4mbed9donothingEv) referenced from mbed/TARGET_NUCLEO_L152RE/TOOLCHAIN_ARM_STD/mbed.ar(SerialBase.o)(i._ZN4mbed10SerialBaseC1E7PinNameS1_i)
 <LI><a href="#[62]">mbed::donothing()</a> from mbed/TARGET_NUCLEO_L152RE/TOOLCHAIN_ARM_STD/mbed.ar(InterruptIn.o)(i._ZN4mbed9donothingEv) referenced from mbed/TARGET_NUCLEO_L152RE/TOOLCHAIN_ARM_STD/mbed.ar(InterruptIn.o)(i._ZN4mbed11InterruptIn4riseENS_8CallbackIFvvEEE)
 <LI><a href="#[62]">mbed::donothing()</a> from mbed/TARGET_NUCLEO_L152RE/TOOLCHAIN_ARM_STD/mbed.ar(InterruptIn.o)(i._ZN4mbed9donothingEv) referenced from mbed/TARGET_NUCLEO_L152RE/TOOLCHAIN_ARM_STD/mbed.ar(InterruptIn.o)(i._ZN4mbed11InterruptInC1E7PinName)
 <LI><a href="#[5d]">CThunk&lang;mbed::SerialBase&rang;::trampoline(mbed::SerialBase*, void*, void(mbed::SerialBase::**)(void*))</a> from mbed/TARGET_NUCLEO_L152RE/TOOLCHAIN_ARM_STD/mbed.ar(SerialBase.o)(t._ZN6CThunkIN4mbed10SerialBaseEE10trampolineEPS1_PvPMS1_FvS4_E) referenced from mbed/TARGET_NUCLEO_L152RE/TOOLCHAIN_ARM_STD/mbed.ar(SerialBase.o)(i._ZN4mbed10SerialBaseC1E7PinNameS1_i)
 <LI><a href="#[64]">CThunk&lang;mbed::SPI&rang;::trampoline(mbed::SPI*, void*, void(mbed::SPI::**)(void*))</a> from mbed/TARGET_NUCLEO_L152RE/TOOLCHAIN_ARM_STD/mbed.ar(SPI.o)(t._ZN6CThunkIN4mbed3SPIEE10trampolineEPS1_PvPMS1_FvS4_E) referenced from mbed/TARGET_NUCLEO_L152RE/TOOLCHAIN_ARM_STD/mbed.ar(SPI.o)(i._ZN4mbed3SPIC1E7PinNameS1_S1_S1_)
 <LI><a href="#[7d]">SX1276::SetChannel(unsigned)</a> from .\build\sx1276.o(i._ZN6SX127610SetChannelEj) referenced from .\build\sx1276-hal.o(.constdata__ZTV12SX1276MB1xAS)
 <LI><a href="#[7d]">SX1276::SetChannel(unsigned)</a> from .\build\sx1276.o(i._ZN6SX127610SetChannelEj) referenced from .\build\sx1276.o(.constdata__ZTV6SX1276)
 <LI><a href="#[7e]">SX1276::SetRxConfig(ModemType, unsigned, unsigned, unsigned char, unsigned, unsigned short, unsigned short, bool, unsigned char, bool, bool, unsigned char, bool, bool)</a> from .\build\sx1276.o(i._ZN6SX127611SetRxConfigE9ModemTypejjhjttbhbbhbb) referenced from .\build\sx1276-hal.o(.constdata__ZTV12SX1276MB1xAS)
 <LI><a href="#[7e]">SX1276::SetRxConfig(ModemType, unsigned, unsigned, unsigned char, unsigned, unsigned short, unsigned short, bool, unsigned char, bool, bool, unsigned char, bool, bool)</a> from .\build\sx1276.o(i._ZN6SX127611SetRxConfigE9ModemTypejjhjttbhbbhbb) referenced from .\build\sx1276.o(.constdata__ZTV6SX1276)
 <LI><a href="#[7f]">SX1276::SetTxConfig(ModemType, signed char, unsigned, unsigned, unsigned, unsigned char, unsigned short, bool, bool, bool, unsigned char, bool, unsigned)</a> from .\build\sx1276.o(i._ZN6SX127611SetTxConfigE9ModemTypeajjjhtbbbhbj) referenced from .\build\sx1276-hal.o(.constdata__ZTV12SX1276MB1xAS)
 <LI><a href="#[7f]">SX1276::SetTxConfig(ModemType, signed char, unsigned, unsigned, unsigned, unsigned char, unsigned short, bool, bool, bool, unsigned char, bool, unsigned)</a> from .\build\sx1276.o(i._ZN6SX127611SetTxConfigE9ModemTypeajjjhtbbbhbj) referenced from .\build\sx1276.o(.constdata__ZTV6SX1276)
 <LI><a href="#[9d]">SX1276::OnTimeoutIrq()</a> from .\build\sx1276.o(i._ZN6SX127612OnTimeoutIrqEv) referenced from .\build\sx1276-hal.o(.constdata__ZTV12SX1276MB1xAS)
 <LI><a href="#[9d]">SX1276::OnTimeoutIrq()</a> from .\build\sx1276.o(i._ZN6SX127612OnTimeoutIrqEv) referenced from .\build\sx1276.o(.constdata__ZTV6SX1276)
 <LI><a href="#[8b]">SX1276::SetPublicNetwork(bool)</a> from .\build\sx1276.o(i._ZN6SX127616SetPublicNetworkEb) referenced from .\build\sx1276-hal.o(.constdata__ZTV12SX1276MB1xAS)
 <LI><a href="#[8b]">SX1276::SetPublicNetwork(bool)</a> from .\build\sx1276.o(i._ZN6SX127616SetPublicNetworkEb) referenced from .\build\sx1276.o(.constdata__ZTV6SX1276)
 <LI><a href="#[83]">SX1276::Rx(unsigned)</a> from .\build\sx1276.o(i._ZN6SX12762RxEj) referenced from .\build\sx1276-hal.o(.constdata__ZTV12SX1276MB1xAS)
 <LI><a href="#[83]">SX1276::Rx(unsigned)</a> from .\build\sx1276.o(i._ZN6SX12762RxEj) referenced from .\build\sx1276.o(.constdata__ZTV6SX1276)
 <LI><a href="#[84]">SX1276::Tx(unsigned)</a> from .\build\sx1276.o(i._ZN6SX12762TxEj) referenced from .\build\sx1276-hal.o(.constdata__ZTV12SX1276MB1xAS)
 <LI><a href="#[84]">SX1276::Tx(unsigned)</a> from .\build\sx1276.o(i._ZN6SX12762TxEj) referenced from .\build\sx1276.o(.constdata__ZTV6SX1276)
 <LI><a href="#[7b]">SX1276::Init(RadioEvents_t*)</a> from .\build\sx1276.o(i._ZN6SX12764InitEP13RadioEvents_t) referenced from .\build\sx1276-hal.o(.constdata__ZTV12SX1276MB1xAS)
 <LI><a href="#[7b]">SX1276::Init(RadioEvents_t*)</a> from .\build\sx1276.o(i._ZN6SX12764InitEP13RadioEvents_t) referenced from .\build\sx1276.o(.constdata__ZTV6SX1276)
 <LI><a href="#[80]">SX1276::Send(unsigned char*, unsigned char)</a> from .\build\sx1276.o(i._ZN6SX12764SendEPhh) referenced from .\build\sx1276-hal.o(.constdata__ZTV12SX1276MB1xAS)
 <LI><a href="#[80]">SX1276::Send(unsigned char*, unsigned char)</a> from .\build\sx1276.o(i._ZN6SX12764SendEPhh) referenced from .\build\sx1276.o(.constdata__ZTV6SX1276)
 <LI><a href="#[81]">SX1276::Sleep()</a> from .\build\sx1276.o(i._ZN6SX12765SleepEv) referenced from .\build\sx1276-hal.o(.constdata__ZTV12SX1276MB1xAS)
 <LI><a href="#[81]">SX1276::Sleep()</a> from .\build\sx1276.o(i._ZN6SX12765SleepEv) referenced from .\build\sx1276.o(.constdata__ZTV6SX1276)
 <LI><a href="#[82]">SX1276::Standby()</a> from .\build\sx1276.o(i._ZN6SX12767StandbyEv) referenced from .\build\sx1276-hal.o(.constdata__ZTV12SX1276MB1xAS)
 <LI><a href="#[82]">SX1276::Standby()</a> from .\build\sx1276.o(i._ZN6SX12767StandbyEv) referenced from .\build\sx1276.o(.constdata__ZTV6SX1276)
 <LI><a href="#[7c]">SX1276::SetModem(ModemType)</a> from .\build\sx1276.o(i._ZN6SX12768SetModemE9ModemType) referenced from .\build\sx1276-hal.o(.constdata__ZTV12SX1276MB1xAS)
 <LI><a href="#[7c]">SX1276::SetModem(ModemType)</a> from .\build\sx1276.o(i._ZN6SX12768SetModemE9ModemType) referenced from .\build\sx1276.o(.constdata__ZTV6SX1276)
 <LI><a href="#[98]">SX1276::OnDio0Irq()</a> from .\build\sx1276.o(i._ZN6SX12769OnDio0IrqEv) referenced from .\build\sx1276-hal.o(.constdata__ZTV12SX1276MB1xAS)
 <LI><a href="#[98]">SX1276::OnDio0Irq()</a> from .\build\sx1276.o(i._ZN6SX12769OnDio0IrqEv) referenced from .\build\sx1276.o(.constdata__ZTV6SX1276)
 <LI><a href="#[99]">SX1276::OnDio1Irq()</a> from .\build\sx1276.o(i._ZN6SX12769OnDio1IrqEv) referenced from .\build\sx1276-hal.o(.constdata__ZTV12SX1276MB1xAS)
 <LI><a href="#[99]">SX1276::OnDio1Irq()</a> from .\build\sx1276.o(i._ZN6SX12769OnDio1IrqEv) referenced from .\build\sx1276.o(.constdata__ZTV6SX1276)
 <LI><a href="#[9a]">SX1276::OnDio2Irq()</a> from .\build\sx1276.o(i._ZN6SX12769OnDio2IrqEv) referenced from .\build\sx1276-hal.o(.constdata__ZTV12SX1276MB1xAS)
 <LI><a href="#[9a]">SX1276::OnDio2Irq()</a> from .\build\sx1276.o(i._ZN6SX12769OnDio2IrqEv) referenced from .\build\sx1276.o(.constdata__ZTV6SX1276)
 <LI><a href="#[9b]">SX1276::OnDio3Irq()</a> from .\build\sx1276.o(i._ZN6SX12769OnDio3IrqEv) referenced from .\build\sx1276-hal.o(.constdata__ZTV12SX1276MB1xAS)
 <LI><a href="#[9b]">SX1276::OnDio3Irq()</a> from .\build\sx1276.o(i._ZN6SX12769OnDio3IrqEv) referenced from .\build\sx1276.o(.constdata__ZTV6SX1276)
 <LI><a href="#[9c]">SX1276::OnDio4Irq()</a> from .\build\sx1276.o(i._ZN6SX12769OnDio4IrqEv) referenced from .\build\sx1276-hal.o(.constdata__ZTV12SX1276MB1xAS)
 <LI><a href="#[9c]">SX1276::OnDio4Irq()</a> from .\build\sx1276.o(i._ZN6SX12769OnDio4IrqEv) referenced from .\build\sx1276.o(.constdata__ZTV6SX1276)
 <LI><a href="#[97]">SX1276::SetOpMode(unsigned char)</a> from .\build\sx1276.o(i._ZN6SX12769SetOpModeEh) referenced from .\build\sx1276-hal.o(.constdata__ZTV12SX1276MB1xAS)
 <LI><a href="#[97]">SX1276::SetOpMode(unsigned char)</a> from .\build\sx1276.o(i._ZN6SX12769SetOpModeEh) referenced from .\build\sx1276.o(.constdata__ZTV6SX1276)
 <LI><a href="#[a0]">SX1276::~SX1276__sub_object()</a> from .\build\sx1276.o(i._ZN6SX1276D2Ev) referenced from .\build\sx1276.o(.constdata__ZTV6SX1276)
 <LI><a href="#[b0]">thunk{-188} to mbed::Serial::lock()</a> from mbed/TARGET_NUCLEO_L152RE/TOOLCHAIN_ARM_STD/mbed.ar(Serial.o)(i._ZThn188_N4mbed6Serial4lockEv) referenced from mbed/TARGET_NUCLEO_L152RE/TOOLCHAIN_ARM_STD/mbed.ar(Serial.o)(.constdata__ZTVN4mbed6SerialE)
 <LI><a href="#[b3]">thunk{-188} to mbed::Serial::_getc()</a> from mbed/TARGET_NUCLEO_L152RE/TOOLCHAIN_ARM_STD/mbed.ar(Serial.o)(i._ZThn188_N4mbed6Serial5_getcEv) referenced from mbed/TARGET_NUCLEO_L152RE/TOOLCHAIN_ARM_STD/mbed.ar(Serial.o)(.constdata__ZTVN4mbed6SerialE)
 <LI><a href="#[b2]">thunk{-188} to mbed::Serial::_putc(int)</a> from mbed/TARGET_NUCLEO_L152RE/TOOLCHAIN_ARM_STD/mbed.ar(Serial.o)(i._ZThn188_N4mbed6Serial5_putcEi) referenced from mbed/TARGET_NUCLEO_L152RE/TOOLCHAIN_ARM_STD/mbed.ar(Serial.o)(.constdata__ZTVN4mbed6SerialE)
 <LI><a href="#[b1]">thunk{-188} to mbed::Serial::unlock()</a> from mbed/TARGET_NUCLEO_L152RE/TOOLCHAIN_ARM_STD/mbed.ar(Serial.o)(i._ZThn188_N4mbed6Serial6unlockEv) referenced from mbed/TARGET_NUCLEO_L152RE/TOOLCHAIN_ARM_STD/mbed.ar(Serial.o)(.constdata__ZTVN4mbed6SerialE)
 <LI><a href="#[9f]">__cxa_pure_virtual</a> from C:\Keil_v5\ARM\ARMCC\Bin\..\lib\cpplib\cpprt_w.l(pure_virt.o)(i.__cxa_pure_virtual) referenced 26 times from .\build\radio.o(.constdata__ZTV5Radio)
 <LI><a href="#[9f]">__cxa_pure_virtual</a> from C:\Keil_v5\ARM\ARMCC\Bin\..\lib\cpplib\cpprt_w.l(pure_virt.o)(i.__cxa_pure_virtual) referenced 19 times from .\build\sx1276.o(.constdata__ZTV6SX1276)
 <LI><a href="#[9f]">__cxa_pure_virtual</a> from C:\Keil_v5\ARM\ARMCC\Bin\..\lib\cpplib\cpprt_w.l(pure_virt.o)(i.__cxa_pure_virtual) referenced from mbed/TARGET_NUCLEO_L152RE/TOOLCHAIN_ARM_STD/mbed.ar(TimerEvent.o)(.constdata__ZTVN4mbed10TimerEventE)
 <LI><a href="#[9f]">__cxa_pure_virtual</a> from C:\Keil_v5\ARM\ARMCC\Bin\..\lib\cpplib\cpprt_w.l(pure_virt.o)(i.__cxa_pure_virtual) referenced 2 times from mbed/TARGET_NUCLEO_L152RE/TOOLCHAIN_ARM_STD/mbed.ar(Stream.o)(.constdata__ZTVN4mbed6StreamE)
 <LI><a href="#[c5]">__main</a> from C:\Keil_v5\ARM\ARMCC\Bin\..\lib\armlib\c_w.l(__main.o)(!!!main) referenced from mbed/TARGET_NUCLEO_L152RE/TOOLCHAIN_ARM_STD/startup_stm32l152xe.o(.text)
 <LI><a href="#[c4]">__sti___8_main_cpp_led</a> from .\build\main.o(i.__sti___8_main_cpp_led) referenced from .\build\main.o(.init_array)
 <LI><a href="#[5b]">_get_lc_ctype</a> from C:\Keil_v5\ARM\ARMCC\Bin\..\lib\armlib\c_w.l(lc_ctype_c.o)(locale$$code) referenced from C:\Keil_v5\ARM\ARMCC\Bin\..\lib\armlib\c_w.l(rt_ctype_table.o)(.text)
 <LI><a href="#[57]">_printf_input_char</a> from C:\Keil_v5\ARM\ARMCC\Bin\..\lib\armlib\c_w.l(_printf_char_common.o)(.text) referenced from C:\Keil_v5\ARM\ARMCC\Bin\..\lib\armlib\c_w.l(_printf_char_common.o)(.text)
 <LI><a href="#[56]">_sbackspace</a> from C:\Keil_v5\ARM\ARMCC\Bin\..\lib\armlib\c_w.l(_sgetc.o)(.text) referenced from C:\Keil_v5\ARM\ARMCC\Bin\..\lib\armlib\c_w.l(__0sscanf.o)(.text)
 <LI><a href="#[59]">_scanf_char_input</a> from C:\Keil_v5\ARM\ARMCC\Bin\..\lib\armlib\c_w.l(scanf_char.o)(.text) referenced from C:\Keil_v5\ARM\ARMCC\Bin\..\lib\armlib\c_w.l(scanf_char.o)(.text)
 <LI><a href="#[55]">_sgetc</a> from C:\Keil_v5\ARM\ARMCC\Bin\..\lib\armlib\c_w.l(_sgetc.o)(.text) referenced from C:\Keil_v5\ARM\ARMCC\Bin\..\lib\armlib\c_w.l(__0sscanf.o)(.text)
 <LI><a href="#[54]">_sputc</a> from C:\Keil_v5\ARM\ARMCC\Bin\..\lib\armlib\c_w.l(_sputc.o)(.text) referenced 2 times from C:\Keil_v5\ARM\ARMCC\Bin\..\lib\armlib\c_w.l(vsprintf.o)(.text)
 <LI><a href="#[58]">fputc</a> from C:\Keil_v5\ARM\ARMCC\Bin\..\lib\armlib\c_w.l(fputc.o)(i.fputc) referenced from C:\Keil_v5\ARM\ARMCC\Bin\..\lib\armlib\c_w.l(_printf_char_file.o)(.text)
 <LI><a href="#[68]">gpio_irq0</a> from mbed/TARGET_NUCLEO_L152RE/TOOLCHAIN_ARM_STD/gpio_irq_api.o(i.gpio_irq0) referenced from mbed/TARGET_NUCLEO_L152RE/TOOLCHAIN_ARM_STD/gpio_irq_api.o(i.gpio_irq_init)
 <LI><a href="#[69]">gpio_irq1</a> from mbed/TARGET_NUCLEO_L152RE/TOOLCHAIN_ARM_STD/gpio_irq_api.o(i.gpio_irq1) referenced from mbed/TARGET_NUCLEO_L152RE/TOOLCHAIN_ARM_STD/gpio_irq_api.o(i.gpio_irq_init)
 <LI><a href="#[6a]">gpio_irq2</a> from mbed/TARGET_NUCLEO_L152RE/TOOLCHAIN_ARM_STD/gpio_irq_api.o(i.gpio_irq2) referenced from mbed/TARGET_NUCLEO_L152RE/TOOLCHAIN_ARM_STD/gpio_irq_api.o(i.gpio_irq_init)
 <LI><a href="#[6b]">gpio_irq3</a> from mbed/TARGET_NUCLEO_L152RE/TOOLCHAIN_ARM_STD/gpio_irq_api.o(i.gpio_irq3) referenced from mbed/TARGET_NUCLEO_L152RE/TOOLCHAIN_ARM_STD/gpio_irq_api.o(i.gpio_irq_init)
 <LI><a href="#[6c]">gpio_irq4</a> from mbed/TARGET_NUCLEO_L152RE/TOOLCHAIN_ARM_STD/gpio_irq_api.o(i.gpio_irq4) referenced from mbed/TARGET_NUCLEO_L152RE/TOOLCHAIN_ARM_STD/gpio_irq_api.o(i.gpio_irq_init)
 <LI><a href="#[6d]">gpio_irq5</a> from mbed/TARGET_NUCLEO_L152RE/TOOLCHAIN_ARM_STD/gpio_irq_api.o(i.gpio_irq5) referenced from mbed/TARGET_NUCLEO_L152RE/TOOLCHAIN_ARM_STD/gpio_irq_api.o(i.gpio_irq_init)
 <LI><a href="#[6e]">gpio_irq6</a> from mbed/TARGET_NUCLEO_L152RE/TOOLCHAIN_ARM_STD/gpio_irq_api.o(i.gpio_irq6) referenced from mbed/TARGET_NUCLEO_L152RE/TOOLCHAIN_ARM_STD/gpio_irq_api.o(i.gpio_irq_init)
 <LI><a href="#[5a]">isspace</a> from C:\Keil_v5\ARM\ARMCC\Bin\..\lib\armlib\c_w.l(isspace.o)(.text) referenced from C:\Keil_v5\ARM\ARMCC\Bin\..\lib\armlib\c_w.l(scanf_char.o)(.text)
 <LI><a href="#[5c]">timer_irq_handler</a> from mbed/TARGET_NUCLEO_L152RE/TOOLCHAIN_ARM_STD/hal_tick_32b.o(i.timer_irq_handler) referenced from mbed/TARGET_NUCLEO_L152RE/TOOLCHAIN_ARM_STD/hal_tick_32b.o(i.HAL_InitTick)
 <LI><a href="#[79]">us_ticker_clear_interrupt</a> from mbed/TARGET_NUCLEO_L152RE/TOOLCHAIN_ARM_STD/us_ticker_32b.o(i.us_ticker_clear_interrupt) referenced from mbed/TARGET_NUCLEO_L152RE/TOOLCHAIN_ARM_STD/mbed.ar(mbed_us_ticker_api.o)(.constdata)
 <LI><a href="#[78]">us_ticker_disable_interrupt</a> from mbed/TARGET_NUCLEO_L152RE/TOOLCHAIN_ARM_STD/us_ticker_32b.o(i.us_ticker_disable_interrupt) referenced from mbed/TARGET_NUCLEO_L152RE/TOOLCHAIN_ARM_STD/mbed.ar(mbed_us_ticker_api.o)(.constdata)
 <LI><a href="#[76]">us_ticker_init</a> from mbed/TARGET_NUCLEO_L152RE/TOOLCHAIN_ARM_STD/us_ticker_32b.o(i.us_ticker_init) referenced from mbed/TARGET_NUCLEO_L152RE/TOOLCHAIN_ARM_STD/mbed.ar(mbed_us_ticker_api.o)(.constdata)
 <LI><a href="#[77]">us_ticker_read</a> from mbed/TARGET_NUCLEO_L152RE/TOOLCHAIN_ARM_STD/us_ticker_32b.o(i.us_ticker_read) referenced from mbed/TARGET_NUCLEO_L152RE/TOOLCHAIN_ARM_STD/mbed.ar(mbed_us_ticker_api.o)(.constdata)
 <LI><a href="#[7a]">us_ticker_set_interrupt</a> from mbed/TARGET_NUCLEO_L152RE/TOOLCHAIN_ARM_STD/us_ticker_32b.o(i.us_ticker_set_interrupt) referenced from mbed/TARGET_NUCLEO_L152RE/TOOLCHAIN_ARM_STD/mbed.ar(mbed_us_ticker_api.o)(.constdata)
</UL>
<P>
<H3>
Global Symbols
</H3>
<P><STRONG><a name="[c5]"></a>__main</STRONG> (Thumb, 8 bytes, Stack size 0 bytes, C:\Keil_v5\ARM\ARMCC\Bin\..\lib\armlib\c_w.l(__main.o)(!!!main))
<BR><BR>[Calls]<UL><LI><a href="#[c8]">&gt;&gt;</a>&nbsp;&nbsp;&nbsp;__rt_entry
<LI><a href="#[c7]">&gt;&gt;</a>&nbsp;&nbsp;&nbsp;__scatterload
</UL>

<P><STRONG><a name="[c7]"></a>__scatterload</STRONG> (Thumb, 0 bytes, Stack size unknown bytes, C:\Keil_v5\ARM\ARMCC\Bin\..\lib\armlib\c_w.l(__scatter.o)(!!!scatter))
<BR><BR>[Called By]<UL><LI><a href="#[c5]">&gt;&gt;</a>&nbsp;&nbsp;&nbsp;__main
</UL>

<P><STRONG><a name="[c9]"></a>__scatterload_rt2</STRONG> (Thumb, 44 bytes, Stack size unknown bytes, C:\Keil_v5\ARM\ARMCC\Bin\..\lib\armlib\c_w.l(__scatter.o)(!!!scatter), UNUSED)
<BR><BR>[Calls]<UL><LI><a href="#[c8]">&gt;&gt;</a>&nbsp;&nbsp;&nbsp;__rt_entry
</UL>

<P><STRONG><a name="[206]"></a>__scatterload_rt2_thumb_only</STRONG> (Thumb, 0 bytes, Stack size unknown bytes, C:\Keil_v5\ARM\ARMCC\Bin\..\lib\armlib\c_w.l(__scatter.o)(!!!scatter), UNUSED)

<P><STRONG><a name="[207]"></a>__scatterload_null</STRONG> (Thumb, 0 bytes, Stack size unknown bytes, C:\Keil_v5\ARM\ARMCC\Bin\..\lib\armlib\c_w.l(__scatter.o)(!!!scatter), UNUSED)

<P><STRONG><a name="[ca]"></a>__scatterload_copy</STRONG> (Thumb, 26 bytes, Stack size unknown bytes, C:\Keil_v5\ARM\ARMCC\Bin\..\lib\armlib\c_w.l(__scatter_copy.o)(!!handler_copy), UNUSED)
<BR><BR>[Calls]<UL><LI><a href="#[ca]">&gt;&gt;</a>&nbsp;&nbsp;&nbsp;__scatterload_copy
</UL>
<BR>[Called By]<UL><LI><a href="#[ca]">&gt;&gt;</a>&nbsp;&nbsp;&nbsp;__scatterload_copy
</UL>

<P><STRONG><a name="[208]"></a>__scatterload_zeroinit</STRONG> (Thumb, 28 bytes, Stack size unknown bytes, C:\Keil_v5\ARM\ARMCC\Bin\..\lib\armlib\c_w.l(__scatter_zi.o)(!!handler_zi), UNUSED)

<P><STRONG><a name="[cb]"></a>_printf_n</STRONG> (Thumb, 0 bytes, Stack size unknown bytes, C:\Keil_v5\ARM\ARMCC\Bin\..\lib\armlib\c_w.l(_printf_n.o)(.ARM.Collect$$_printf_percent$$00000001))
<BR><BR>[Calls]<UL><LI><a href="#[cc]">&gt;&gt;</a>&nbsp;&nbsp;&nbsp;_printf_charcount
</UL>

<P><STRONG><a name="[10e]"></a>_printf_percent</STRONG> (Thumb, 0 bytes, Stack size unknown bytes, C:\Keil_v5\ARM\ARMCC\Bin\..\lib\armlib\c_w.l(_printf_percent.o)(.ARM.Collect$$_printf_percent$$00000000))
<BR><BR>[Called By]<UL><LI><a href="#[10c]">&gt;&gt;</a>&nbsp;&nbsp;&nbsp;__printf
</UL>

<P><STRONG><a name="[cd]"></a>_printf_p</STRONG> (Thumb, 0 bytes, Stack size unknown bytes, C:\Keil_v5\ARM\ARMCC\Bin\..\lib\armlib\c_w.l(_printf_p.o)(.ARM.Collect$$_printf_percent$$00000002))
<BR><BR>[Stack]<UL><LI>Max Depth = 64 + Unknown Stack Size
<LI>Call Chain = _printf_p &rArr; _printf_hex_ptr &rArr; _printf_longlong_hex &rArr; _printf_int_common &rArr; _printf_post_padding
</UL>
<BR>[Calls]<UL><LI><a href="#[ce]">&gt;&gt;</a>&nbsp;&nbsp;&nbsp;_printf_hex_ptr
</UL>

<P><STRONG><a name="[cf]"></a>_printf_f</STRONG> (Thumb, 0 bytes, Stack size unknown bytes, C:\Keil_v5\ARM\ARMCC\Bin\..\lib\armlib\c_w.l(_printf_f.o)(.ARM.Collect$$_printf_percent$$00000003))
<BR><BR>[Stack]<UL><LI>Max Depth = 324 + Unknown Stack Size
<LI>Call Chain = _printf_f &rArr; _printf_fp_dec &rArr; _printf_fp_dec_real &rArr; _fp_digits &rArr; _btod_etento &rArr; _btod_emul &rArr; _e2e
</UL>
<BR>[Calls]<UL><LI><a href="#[d0]">&gt;&gt;</a>&nbsp;&nbsp;&nbsp;_printf_fp_dec
</UL>

<P><STRONG><a name="[d1]"></a>_printf_e</STRONG> (Thumb, 0 bytes, Stack size unknown bytes, C:\Keil_v5\ARM\ARMCC\Bin\..\lib\armlib\c_w.l(_printf_e.o)(.ARM.Collect$$_printf_percent$$00000004))
<BR><BR>[Stack]<UL><LI>Max Depth = 324 + Unknown Stack Size
<LI>Call Chain = _printf_e &rArr; _printf_fp_dec &rArr; _printf_fp_dec_real &rArr; _fp_digits &rArr; _btod_etento &rArr; _btod_emul &rArr; _e2e
</UL>
<BR>[Calls]<UL><LI><a href="#[d0]">&gt;&gt;</a>&nbsp;&nbsp;&nbsp;_printf_fp_dec
</UL>

<P><STRONG><a name="[d2]"></a>_printf_g</STRONG> (Thumb, 0 bytes, Stack size unknown bytes, C:\Keil_v5\ARM\ARMCC\Bin\..\lib\armlib\c_w.l(_printf_g.o)(.ARM.Collect$$_printf_percent$$00000005))
<BR><BR>[Stack]<UL><LI>Max Depth = 324 + Unknown Stack Size
<LI>Call Chain = _printf_g &rArr; _printf_fp_dec &rArr; _printf_fp_dec_real &rArr; _fp_digits &rArr; _btod_etento &rArr; _btod_emul &rArr; _e2e
</UL>
<BR>[Calls]<UL><LI><a href="#[d0]">&gt;&gt;</a>&nbsp;&nbsp;&nbsp;_printf_fp_dec
</UL>

<P><STRONG><a name="[d3]"></a>_printf_a</STRONG> (Thumb, 0 bytes, Stack size unknown bytes, C:\Keil_v5\ARM\ARMCC\Bin\..\lib\armlib\c_w.l(_printf_a.o)(.ARM.Collect$$_printf_percent$$00000006))
<BR><BR>[Stack]<UL><LI>Max Depth = 112 + Unknown Stack Size
<LI>Call Chain = _printf_a &rArr; _printf_fp_hex &rArr; _printf_fp_hex_real &rArr; _printf_fp_infnan &rArr; _printf_post_padding
</UL>
<BR>[Calls]<UL><LI><a href="#[d4]">&gt;&gt;</a>&nbsp;&nbsp;&nbsp;_printf_fp_hex
</UL>

<P><STRONG><a name="[209]"></a>_printf_ll</STRONG> (Thumb, 0 bytes, Stack size unknown bytes, C:\Keil_v5\ARM\ARMCC\Bin\..\lib\armlib\c_w.l(_printf_ll.o)(.ARM.Collect$$_printf_percent$$00000007))

<P><STRONG><a name="[d5]"></a>_printf_i</STRONG> (Thumb, 0 bytes, Stack size unknown bytes, C:\Keil_v5\ARM\ARMCC\Bin\..\lib\armlib\c_w.l(_printf_i.o)(.ARM.Collect$$_printf_percent$$00000008))
<BR><BR>[Stack]<UL><LI>Max Depth = 72 + Unknown Stack Size
<LI>Call Chain = _printf_i &rArr; _printf_int_dec &rArr; _printf_int_common &rArr; _printf_post_padding
</UL>
<BR>[Calls]<UL><LI><a href="#[d6]">&gt;&gt;</a>&nbsp;&nbsp;&nbsp;_printf_int_dec
</UL>

<P><STRONG><a name="[d7]"></a>_printf_d</STRONG> (Thumb, 0 bytes, Stack size unknown bytes, C:\Keil_v5\ARM\ARMCC\Bin\..\lib\armlib\c_w.l(_printf_d.o)(.ARM.Collect$$_printf_percent$$00000009))
<BR><BR>[Stack]<UL><LI>Max Depth = 72 + Unknown Stack Size
<LI>Call Chain = _printf_d &rArr; _printf_int_dec &rArr; _printf_int_common &rArr; _printf_post_padding
</UL>
<BR>[Calls]<UL><LI><a href="#[d6]">&gt;&gt;</a>&nbsp;&nbsp;&nbsp;_printf_int_dec
</UL>

<P><STRONG><a name="[d8]"></a>_printf_u</STRONG> (Thumb, 0 bytes, Stack size unknown bytes, C:\Keil_v5\ARM\ARMCC\Bin\..\lib\armlib\c_w.l(_printf_u.o)(.ARM.Collect$$_printf_percent$$0000000A))
<BR><BR>[Stack]<UL><LI>Max Depth = 72 + Unknown Stack Size
<LI>Call Chain = _printf_u &rArr; _printf_int_dec &rArr; _printf_int_common &rArr; _printf_post_padding
</UL>
<BR>[Calls]<UL><LI><a href="#[d6]">&gt;&gt;</a>&nbsp;&nbsp;&nbsp;_printf_int_dec
</UL>

<P><STRONG><a name="[d9]"></a>_printf_o</STRONG> (Thumb, 0 bytes, Stack size unknown bytes, C:\Keil_v5\ARM\ARMCC\Bin\..\lib\armlib\c_w.l(_printf_o.o)(.ARM.Collect$$_printf_percent$$0000000B))
<BR><BR>[Stack]<UL><LI>Max Depth = 64 + Unknown Stack Size
<LI>Call Chain = _printf_o &rArr; _printf_int_oct &rArr; _printf_longlong_oct &rArr; _printf_int_common &rArr; _printf_post_padding
</UL>
<BR>[Calls]<UL><LI><a href="#[da]">&gt;&gt;</a>&nbsp;&nbsp;&nbsp;_printf_int_oct
</UL>

<P><STRONG><a name="[db]"></a>_printf_x</STRONG> (Thumb, 0 bytes, Stack size unknown bytes, C:\Keil_v5\ARM\ARMCC\Bin\..\lib\armlib\c_w.l(_printf_x.o)(.ARM.Collect$$_printf_percent$$0000000C))
<BR><BR>[Stack]<UL><LI>Max Depth = 80 + Unknown Stack Size
<LI>Call Chain = _printf_x &rArr; _printf_int_hex &rArr; _printf_longlong_hex &rArr; _printf_int_common &rArr; _printf_post_padding
</UL>
<BR>[Calls]<UL><LI><a href="#[dc]">&gt;&gt;</a>&nbsp;&nbsp;&nbsp;_printf_int_hex
</UL>

<P><STRONG><a name="[dd]"></a>_printf_lli</STRONG> (Thumb, 0 bytes, Stack size unknown bytes, C:\Keil_v5\ARM\ARMCC\Bin\..\lib\armlib\c_w.l(_printf_lli.o)(.ARM.Collect$$_printf_percent$$0000000D))
<BR><BR>[Stack]<UL><LI>Max Depth = 72 + Unknown Stack Size
<LI>Call Chain = _printf_lli &rArr; _printf_longlong_dec &rArr; _printf_int_common &rArr; _printf_post_padding
</UL>
<BR>[Calls]<UL><LI><a href="#[de]">&gt;&gt;</a>&nbsp;&nbsp;&nbsp;_printf_longlong_dec
</UL>

<P><STRONG><a name="[df]"></a>_printf_lld</STRONG> (Thumb, 0 bytes, Stack size unknown bytes, C:\Keil_v5\ARM\ARMCC\Bin\..\lib\armlib\c_w.l(_printf_lld.o)(.ARM.Collect$$_printf_percent$$0000000E))
<BR><BR>[Stack]<UL><LI>Max Depth = 72 + Unknown Stack Size
<LI>Call Chain = _printf_lld &rArr; _printf_longlong_dec &rArr; _printf_int_common &rArr; _printf_post_padding
</UL>
<BR>[Calls]<UL><LI><a href="#[de]">&gt;&gt;</a>&nbsp;&nbsp;&nbsp;_printf_longlong_dec
</UL>

<P><STRONG><a name="[e0]"></a>_printf_llu</STRONG> (Thumb, 0 bytes, Stack size unknown bytes, C:\Keil_v5\ARM\ARMCC\Bin\..\lib\armlib\c_w.l(_printf_llu.o)(.ARM.Collect$$_printf_percent$$0000000F))
<BR><BR>[Stack]<UL><LI>Max Depth = 72 + Unknown Stack Size
<LI>Call Chain = _printf_llu &rArr; _printf_longlong_dec &rArr; _printf_int_common &rArr; _printf_post_padding
</UL>
<BR>[Calls]<UL><LI><a href="#[de]">&gt;&gt;</a>&nbsp;&nbsp;&nbsp;_printf_longlong_dec
</UL>

<P><STRONG><a name="[e1]"></a>_printf_llo</STRONG> (Thumb, 0 bytes, Stack size unknown bytes, C:\Keil_v5\ARM\ARMCC\Bin\..\lib\armlib\c_w.l(_printf_llo.o)(.ARM.Collect$$_printf_percent$$00000010))
<BR><BR>[Stack]<UL><LI>Max Depth = 56 + Unknown Stack Size
<LI>Call Chain = _printf_llo &rArr; _printf_ll_oct &rArr; _printf_longlong_oct &rArr; _printf_int_common &rArr; _printf_post_padding
</UL>
<BR>[Calls]<UL><LI><a href="#[e2]">&gt;&gt;</a>&nbsp;&nbsp;&nbsp;_printf_ll_oct
</UL>

<P><STRONG><a name="[e3]"></a>_printf_llx</STRONG> (Thumb, 0 bytes, Stack size unknown bytes, C:\Keil_v5\ARM\ARMCC\Bin\..\lib\armlib\c_w.l(_printf_llx.o)(.ARM.Collect$$_printf_percent$$00000011))
<BR><BR>[Stack]<UL><LI>Max Depth = 64 + Unknown Stack Size
<LI>Call Chain = _printf_llx &rArr; _printf_ll_hex &rArr; _printf_longlong_hex &rArr; _printf_int_common &rArr; _printf_post_padding
</UL>
<BR>[Calls]<UL><LI><a href="#[e4]">&gt;&gt;</a>&nbsp;&nbsp;&nbsp;_printf_ll_hex
</UL>

<P><STRONG><a name="[20a]"></a>_printf_l</STRONG> (Thumb, 0 bytes, Stack size unknown bytes, C:\Keil_v5\ARM\ARMCC\Bin\..\lib\armlib\c_w.l(_printf_l.o)(.ARM.Collect$$_printf_percent$$00000012))

<P><STRONG><a name="[e5]"></a>_printf_c</STRONG> (Thumb, 0 bytes, Stack size unknown bytes, C:\Keil_v5\ARM\ARMCC\Bin\..\lib\armlib\c_w.l(_printf_c.o)(.ARM.Collect$$_printf_percent$$00000013))
<BR><BR>[Stack]<UL><LI>Max Depth = 40 + Unknown Stack Size
<LI>Call Chain = _printf_c &rArr; _printf_char &rArr; _printf_cs_common &rArr; _printf_str &rArr; _printf_post_padding
</UL>
<BR>[Calls]<UL><LI><a href="#[e6]">&gt;&gt;</a>&nbsp;&nbsp;&nbsp;_printf_char
</UL>

<P><STRONG><a name="[e7]"></a>_printf_s</STRONG> (Thumb, 0 bytes, Stack size unknown bytes, C:\Keil_v5\ARM\ARMCC\Bin\..\lib\armlib\c_w.l(_printf_s.o)(.ARM.Collect$$_printf_percent$$00000014))
<BR><BR>[Stack]<UL><LI>Max Depth = 40 + Unknown Stack Size
<LI>Call Chain = _printf_s &rArr; _printf_string &rArr; _printf_cs_common &rArr; _printf_str &rArr; _printf_post_padding
</UL>
<BR>[Calls]<UL><LI><a href="#[e8]">&gt;&gt;</a>&nbsp;&nbsp;&nbsp;_printf_string
</UL>

<P><STRONG><a name="[e9]"></a>_printf_lc</STRONG> (Thumb, 0 bytes, Stack size unknown bytes, C:\Keil_v5\ARM\ARMCC\Bin\..\lib\armlib\c_w.l(_printf_lc.o)(.ARM.Collect$$_printf_percent$$00000015))
<BR><BR>[Stack]<UL><LI>Max Depth = 88 + Unknown Stack Size
<LI>Call Chain = _printf_lc &rArr; _printf_wchar &rArr; _printf_lcs_common &rArr; _printf_wctomb &rArr; _wcrtomb &rArr; __rt_ctype_table
</UL>
<BR>[Calls]<UL><LI><a href="#[ea]">&gt;&gt;</a>&nbsp;&nbsp;&nbsp;_printf_wchar
</UL>

<P><STRONG><a name="[eb]"></a>_printf_ls</STRONG> (Thumb, 0 bytes, Stack size unknown bytes, C:\Keil_v5\ARM\ARMCC\Bin\..\lib\armlib\c_w.l(_printf_ls.o)(.ARM.Collect$$_printf_percent$$00000016))
<BR><BR>[Stack]<UL><LI>Max Depth = 88 + Unknown Stack Size
<LI>Call Chain = _printf_ls &rArr; _printf_wstring &rArr; _printf_lcs_common &rArr; _printf_wctomb &rArr; _wcrtomb &rArr; __rt_ctype_table
</UL>
<BR>[Calls]<UL><LI><a href="#[ec]">&gt;&gt;</a>&nbsp;&nbsp;&nbsp;_printf_wstring
</UL>

<P><STRONG><a name="[20b]"></a>_printf_percent_end</STRONG> (Thumb, 0 bytes, Stack size unknown bytes, C:\Keil_v5\ARM\ARMCC\Bin\..\lib\armlib\c_w.l(_printf_percent_end.o)(.ARM.Collect$$_printf_percent$$00000017))

<P><STRONG><a name="[fc]"></a>__rt_lib_init</STRONG> (Thumb, 0 bytes, Stack size unknown bytes, C:\Keil_v5\ARM\ARMCC\Bin\..\lib\armlib\c_w.l(libinit.o)(.ARM.Collect$$libinit$$00000000))
<BR><BR>[Called By]<UL><LI><a href="#[fb]">&gt;&gt;</a>&nbsp;&nbsp;&nbsp;__rt_entry_li
</UL>

<P><STRONG><a name="[20c]"></a>__rt_lib_init_fp_1</STRONG> (Thumb, 0 bytes, Stack size unknown bytes, C:\Keil_v5\ARM\ARMCC\Bin\..\lib\armlib\c_w.l(libinit2.o)(.ARM.Collect$$libinit$$00000002))

<P><STRONG><a name="[ed]"></a>__rt_lib_init_heap_2</STRONG> (Thumb, 0 bytes, Stack size unknown bytes, C:\Keil_v5\ARM\ARMCC\Bin\..\lib\armlib\c_w.l(libinit2.o)(.ARM.Collect$$libinit$$00000005))
<BR><BR>[Stack]<UL><LI>Max Depth = 64 + Unknown Stack Size
<LI>Call Chain = __rt_lib_init_heap_2 &rArr; _init_alloc &rArr; __rt_SIGRTMEM &rArr; __rt_SIGRTMEM_inner &rArr; __default_signal_display &rArr; _ttywrch
</UL>
<BR>[Calls]<UL><LI><a href="#[ee]">&gt;&gt;</a>&nbsp;&nbsp;&nbsp;_init_alloc
</UL>

<P><STRONG><a name="[20d]"></a>__rt_lib_init_preinit_1</STRONG> (Thumb, 0 bytes, Stack size unknown bytes, C:\Keil_v5\ARM\ARMCC\Bin\..\lib\armlib\c_w.l(libinit2.o)(.ARM.Collect$$libinit$$00000004))

<P><STRONG><a name="[20e]"></a>__rt_lib_init_heap_1</STRONG> (Thumb, 0 bytes, Stack size unknown bytes, C:\Keil_v5\ARM\ARMCC\Bin\..\lib\armlib\c_w.l(libinit2.o)(.ARM.Collect$$libinit$$0000000A))

<P><STRONG><a name="[ef]"></a>__rt_lib_init_lc_common</STRONG> (Thumb, 0 bytes, Stack size unknown bytes, C:\Keil_v5\ARM\ARMCC\Bin\..\lib\armlib\c_w.l(libinit2.o)(.ARM.Collect$$libinit$$0000000F))
<BR><BR>[Calls]<UL><LI><a href="#[f0]">&gt;&gt;</a>&nbsp;&nbsp;&nbsp;__rt_locale
</UL>

<P><STRONG><a name="[20f]"></a>__rt_lib_init_rand_1</STRONG> (Thumb, 0 bytes, Stack size unknown bytes, C:\Keil_v5\ARM\ARMCC\Bin\..\lib\armlib\c_w.l(libinit2.o)(.ARM.Collect$$libinit$$0000000E))

<P><STRONG><a name="[210]"></a>__rt_lib_init_user_alloc_1</STRONG> (Thumb, 0 bytes, Stack size unknown bytes, C:\Keil_v5\ARM\ARMCC\Bin\..\lib\armlib\c_w.l(libinit2.o)(.ARM.Collect$$libinit$$0000000C))

<P><STRONG><a name="[211]"></a>__rt_lib_init_lc_collate_1</STRONG> (Thumb, 0 bytes, Stack size unknown bytes, C:\Keil_v5\ARM\ARMCC\Bin\..\lib\armlib\c_w.l(libinit2.o)(.ARM.Collect$$libinit$$00000011))

<P><STRONG><a name="[f1]"></a>__rt_lib_init_lc_ctype_2</STRONG> (Thumb, 0 bytes, Stack size unknown bytes, C:\Keil_v5\ARM\ARMCC\Bin\..\lib\armlib\c_w.l(libinit2.o)(.ARM.Collect$$libinit$$00000012))
<BR><BR>[Stack]<UL><LI>Max Depth = 8 + Unknown Stack Size
<LI>Call Chain = __rt_lib_init_lc_ctype_2 &rArr; _get_lc_ctype
</UL>
<BR>[Calls]<UL><LI><a href="#[5b]">&gt;&gt;</a>&nbsp;&nbsp;&nbsp;_get_lc_ctype
</UL>

<P><STRONG><a name="[212]"></a>__rt_lib_init_lc_ctype_1</STRONG> (Thumb, 0 bytes, Stack size unknown bytes, C:\Keil_v5\ARM\ARMCC\Bin\..\lib\armlib\c_w.l(libinit2.o)(.ARM.Collect$$libinit$$00000013))

<P><STRONG><a name="[213]"></a>__rt_lib_init_lc_monetary_1</STRONG> (Thumb, 0 bytes, Stack size unknown bytes, C:\Keil_v5\ARM\ARMCC\Bin\..\lib\armlib\c_w.l(libinit2.o)(.ARM.Collect$$libinit$$00000015))

<P><STRONG><a name="[f2]"></a>__rt_lib_init_lc_numeric_2</STRONG> (Thumb, 0 bytes, Stack size unknown bytes, C:\Keil_v5\ARM\ARMCC\Bin\..\lib\armlib\c_w.l(libinit2.o)(.ARM.Collect$$libinit$$00000016))
<BR><BR>[Stack]<UL><LI>Max Depth = 8 + Unknown Stack Size
<LI>Call Chain = __rt_lib_init_lc_numeric_2 &rArr; _get_lc_numeric
</UL>
<BR>[Calls]<UL><LI><a href="#[f3]">&gt;&gt;</a>&nbsp;&nbsp;&nbsp;_get_lc_numeric
</UL>

<P><STRONG><a name="[214]"></a>__rt_lib_init_atexit_1</STRONG> (Thumb, 0 bytes, Stack size unknown bytes, C:\Keil_v5\ARM\ARMCC\Bin\..\lib\armlib\c_w.l(libinit2.o)(.ARM.Collect$$libinit$$0000001B))

<P><STRONG><a name="[215]"></a>__rt_lib_init_clock_1</STRONG> (Thumb, 0 bytes, Stack size unknown bytes, C:\Keil_v5\ARM\ARMCC\Bin\..\lib\armlib\c_w.l(libinit2.o)(.ARM.Collect$$libinit$$00000021))

<P><STRONG><a name="[216]"></a>__rt_lib_init_fp_trap_1</STRONG> (Thumb, 0 bytes, Stack size unknown bytes, C:\Keil_v5\ARM\ARMCC\Bin\..\lib\armlib\c_w.l(libinit2.o)(.ARM.Collect$$libinit$$0000001F))

<P><STRONG><a name="[217]"></a>__rt_lib_init_getenv_1</STRONG> (Thumb, 0 bytes, Stack size unknown bytes, C:\Keil_v5\ARM\ARMCC\Bin\..\lib\armlib\c_w.l(libinit2.o)(.ARM.Collect$$libinit$$00000023))

<P><STRONG><a name="[218]"></a>__rt_lib_init_lc_numeric_1</STRONG> (Thumb, 0 bytes, Stack size unknown bytes, C:\Keil_v5\ARM\ARMCC\Bin\..\lib\armlib\c_w.l(libinit2.o)(.ARM.Collect$$libinit$$00000017))

<P><STRONG><a name="[219]"></a>__rt_lib_init_lc_time_1</STRONG> (Thumb, 0 bytes, Stack size unknown bytes, C:\Keil_v5\ARM\ARMCC\Bin\..\lib\armlib\c_w.l(libinit2.o)(.ARM.Collect$$libinit$$00000019))

<P><STRONG><a name="[21a]"></a>__rt_lib_init_signal_1</STRONG> (Thumb, 0 bytes, Stack size unknown bytes, C:\Keil_v5\ARM\ARMCC\Bin\..\lib\armlib\c_w.l(libinit2.o)(.ARM.Collect$$libinit$$0000001D))

<P><STRONG><a name="[f4]"></a>__rt_lib_init_stdio_2</STRONG> (Thumb, 0 bytes, Stack size unknown bytes, C:\Keil_v5\ARM\ARMCC\Bin\..\lib\armlib\c_w.l(libinit2.o)(.ARM.Collect$$libinit$$00000024))
<BR><BR>[Stack]<UL><LI>Max Depth = 656 + Unknown Stack Size
<LI>Call Chain = __rt_lib_init_stdio_2 &rArr; _initio &rArr; freopen &rArr; _sys_open &rArr; mbed::FilePath::FilePath(const char*) &rArr; mbed::FileBase::lookup(const char*, unsigned) &rArr; SingletonPtr&lang;PlatformMutex&rang;::operator -&rang;() &rArr; mbed_assert_internal &rArr; mbed_error_printf &rArr;  core_util_critical_section_exit (Cycle)
</UL>
<BR>[Calls]<UL><LI><a href="#[f5]">&gt;&gt;</a>&nbsp;&nbsp;&nbsp;_initio
</UL>

<P><STRONG><a name="[21b]"></a>__rt_lib_init_alloca_1</STRONG> (Thumb, 0 bytes, Stack size unknown bytes, C:\Keil_v5\ARM\ARMCC\Bin\..\lib\armlib\c_w.l(libinit2.o)(.ARM.Collect$$libinit$$0000002E))

<P><STRONG><a name="[21c]"></a>__rt_lib_init_argv_1</STRONG> (Thumb, 0 bytes, Stack size unknown bytes, C:\Keil_v5\ARM\ARMCC\Bin\..\lib\armlib\c_w.l(libinit2.o)(.ARM.Collect$$libinit$$0000002C))

<P><STRONG><a name="[f6]"></a>__rt_lib_init_cpp_2</STRONG> (Thumb, 0 bytes, Stack size unknown bytes, C:\Keil_v5\ARM\ARMCC\Bin\..\lib\armlib\c_w.l(libinit2.o)(.ARM.Collect$$libinit$$00000031))
<BR><BR>[Stack]<UL><LI>Max Depth = 16 + Unknown Stack Size
<LI>Call Chain = __rt_lib_init_cpp_2 &rArr; __cpp_initialize__aeabi_
</UL>
<BR>[Calls]<UL><LI><a href="#[c6]">&gt;&gt;</a>&nbsp;&nbsp;&nbsp;__cpp_initialize__aeabi_
</UL>

<P><STRONG><a name="[21d]"></a>__rt_lib_init_exceptions_1</STRONG> (Thumb, 0 bytes, Stack size unknown bytes, C:\Keil_v5\ARM\ARMCC\Bin\..\lib\armlib\c_w.l(libinit2.o)(.ARM.Collect$$libinit$$00000030))

<P><STRONG><a name="[21e]"></a>__rt_lib_init_stdio_1</STRONG> (Thumb, 0 bytes, Stack size unknown bytes, C:\Keil_v5\ARM\ARMCC\Bin\..\lib\armlib\c_w.l(libinit2.o)(.ARM.Collect$$libinit$$00000025))

<P><STRONG><a name="[21f]"></a>__rt_lib_init_cpp_1</STRONG> (Thumb, 0 bytes, Stack size unknown bytes, C:\Keil_v5\ARM\ARMCC\Bin\..\lib\armlib\c_w.l(libinit2.o)(.ARM.Collect$$libinit$$00000032))

<P><STRONG><a name="[220]"></a>__rt_lib_init_return</STRONG> (Thumb, 0 bytes, Stack size unknown bytes, C:\Keil_v5\ARM\ARMCC\Bin\..\lib\armlib\c_w.l(libinit2.o)(.ARM.Collect$$libinit$$00000033))

<P><STRONG><a name="[c8]"></a>__rt_entry</STRONG> (Thumb, 0 bytes, Stack size unknown bytes, C:\Keil_v5\ARM\ARMCC\Bin\..\lib\armlib\c_w.l(__rtentry.o)(.ARM.Collect$$rtentry$$00000000))
<BR><BR>[Called By]<UL><LI><a href="#[c5]">&gt;&gt;</a>&nbsp;&nbsp;&nbsp;__main
<LI><a href="#[c9]">&gt;&gt;</a>&nbsp;&nbsp;&nbsp;__scatterload_rt2
</UL>

<P><STRONG><a name="[221]"></a>__rt_entry_presh_1</STRONG> (Thumb, 0 bytes, Stack size unknown bytes, C:\Keil_v5\ARM\ARMCC\Bin\..\lib\armlib\c_w.l(__rtentry2.o)(.ARM.Collect$$rtentry$$00000002))

<P><STRONG><a name="[f7]"></a>__rt_entry_sh</STRONG> (Thumb, 0 bytes, Stack size unknown bytes, C:\Keil_v5\ARM\ARMCC\Bin\..\lib\armlib\c_w.l(__rtentry4.o)(.ARM.Collect$$rtentry$$00000004))
<BR><BR>[Calls]<UL><LI><a href="#[f8]">&gt;&gt;</a>&nbsp;&nbsp;&nbsp;__user_setup_stackheap
</UL>

<P><STRONG><a name="[222]"></a>__rt_lib_shutdown_stdio_2</STRONG> (Thumb, 0 bytes, Stack size unknown bytes, C:\Keil_v5\ARM\ARMCC\Bin\..\lib\armlib\c_w.l(libshutdown2.o)(.ARM.Collect$$libshutdown$$00000004))

<P><STRONG><a name="[f9]"></a>__rt_entry_postsh_1</STRONG> (Thumb, 0 bytes, Stack size unknown bytes, C:\Keil_v5\ARM\ARMCC\Bin\..\lib\armlib\c_w.l(__rtentry2.o)(.ARM.Collect$$rtentry$$00000008))
<BR><BR>[Stack]<UL><LI>Max Depth = 96 + Unknown Stack Size
<LI>Call Chain = __rt_entry_postsh_1 &rArr; _platform_post_stackheap_init &rArr; mbed_sdk_init &rArr; HAL_Init &rArr; HAL_InitTick &rArr; __NVIC_SetVector &rArr; __aeabi_memcpy4
</UL>
<BR>[Calls]<UL><LI><a href="#[fa]">&gt;&gt;</a>&nbsp;&nbsp;&nbsp;_platform_post_stackheap_init
</UL>

<P><STRONG><a name="[fb]"></a>__rt_entry_li</STRONG> (Thumb, 0 bytes, Stack size unknown bytes, C:\Keil_v5\ARM\ARMCC\Bin\..\lib\armlib\c_w.l(__rtentry2.o)(.ARM.Collect$$rtentry$$0000000A))
<BR><BR>[Calls]<UL><LI><a href="#[fc]">&gt;&gt;</a>&nbsp;&nbsp;&nbsp;__rt_lib_init
</UL>

<P><STRONG><a name="[fd]"></a>__rt_entry_main</STRONG> (Thumb, 0 bytes, Stack size unknown bytes, C:\Keil_v5\ARM\ARMCC\Bin\..\lib\armlib\c_w.l(__rtentry2.o)(.ARM.Collect$$rtentry$$0000000D))
<BR><BR>[Stack]<UL><LI>Max Depth = 760 + Unknown Stack Size
<LI>Call Chain = __rt_entry_main &rArr; main &rArr; $Super$$main &rArr; SX1276::Rx(unsigned) &rArr; mbed::Ticker::attach_us(mbed::Callback&lang;void()&rang;, unsigned) &rArr; mbed::Ticker::setup(unsigned) &rArr; mbed::TimerEvent::insert(unsigned) &rArr; ticker_insert_event &rArr; core_util_critical_section_exit &rArr; mbed_assert_internal &rArr; mbed_error_printf &rArr;  core_util_critical_section_exit (Cycle)
</UL>
<BR>[Calls]<UL><LI><a href="#[ff]">&gt;&gt;</a>&nbsp;&nbsp;&nbsp;exit
<LI><a href="#[fe]">&gt;&gt;</a>&nbsp;&nbsp;&nbsp;main
</UL>

<P><STRONG><a name="[223]"></a>__rt_entry_postli_1</STRONG> (Thumb, 0 bytes, Stack size unknown bytes, C:\Keil_v5\ARM\ARMCC\Bin\..\lib\armlib\c_w.l(__rtentry2.o)(.ARM.Collect$$rtentry$$0000000C))

<P><STRONG><a name="[11]"></a>Reset_Handler</STRONG> (Thumb, 8 bytes, Stack size 0 bytes, mbed/TARGET_NUCLEO_L152RE/TOOLCHAIN_ARM_STD/startup_stm32l152xe.o(.text))
<BR>[Address Reference Count : 1]<UL><LI> startup_stm32l152xe.o(RESET)
</UL>
<P><STRONG><a name="[224]"></a>_maybe_terminate_alloc</STRONG> (Thumb, 0 bytes, Stack size 0 bytes, C:\Keil_v5\ARM\ARMCC\Bin\..\lib\armlib\c_w.l(maybetermalloc1.o)(.emb_text), UNUSED)

<P><STRONG><a name="[12]"></a>NMI_Handler</STRONG> (Thumb, 2 bytes, Stack size 0 bytes, mbed/TARGET_NUCLEO_L152RE/TOOLCHAIN_ARM_STD/startup_stm32l152xe.o(.text))
<BR><BR>[Calls]<UL><LI><a href="#[12]">&gt;&gt;</a>&nbsp;&nbsp;&nbsp;NMI_Handler
</UL>
<BR>[Called By]<UL><LI><a href="#[12]">&gt;&gt;</a>&nbsp;&nbsp;&nbsp;NMI_Handler
</UL>
<BR>[Address Reference Count : 1]<UL><LI> startup_stm32l152xe.o(RESET)
</UL>
<P><STRONG><a name="[13]"></a>HardFault_Handler</STRONG> (Thumb, 2 bytes, Stack size 0 bytes, mbed/TARGET_NUCLEO_L152RE/TOOLCHAIN_ARM_STD/startup_stm32l152xe.o(.text))
<BR><BR>[Calls]<UL><LI><a href="#[13]">&gt;&gt;</a>&nbsp;&nbsp;&nbsp;HardFault_Handler
</UL>
<BR>[Called By]<UL><LI><a href="#[13]">&gt;&gt;</a>&nbsp;&nbsp;&nbsp;HardFault_Handler
</UL>
<BR>[Address Reference Count : 1]<UL><LI> startup_stm32l152xe.o(RESET)
</UL>
<P><STRONG><a name="[14]"></a>MemManage_Handler</STRONG> (Thumb, 2 bytes, Stack size 0 bytes, mbed/TARGET_NUCLEO_L152RE/TOOLCHAIN_ARM_STD/startup_stm32l152xe.o(.text))
<BR><BR>[Calls]<UL><LI><a href="#[14]">&gt;&gt;</a>&nbsp;&nbsp;&nbsp;MemManage_Handler
</UL>
<BR>[Called By]<UL><LI><a href="#[14]">&gt;&gt;</a>&nbsp;&nbsp;&nbsp;MemManage_Handler
</UL>
<BR>[Address Reference Count : 1]<UL><LI> startup_stm32l152xe.o(RESET)
</UL>
<P><STRONG><a name="[15]"></a>BusFault_Handler</STRONG> (Thumb, 2 bytes, Stack size 0 bytes, mbed/TARGET_NUCLEO_L152RE/TOOLCHAIN_ARM_STD/startup_stm32l152xe.o(.text))
<BR><BR>[Calls]<UL><LI><a href="#[15]">&gt;&gt;</a>&nbsp;&nbsp;&nbsp;BusFault_Handler
</UL>
<BR>[Called By]<UL><LI><a href="#[15]">&gt;&gt;</a>&nbsp;&nbsp;&nbsp;BusFault_Handler
</UL>
<BR>[Address Reference Count : 1]<UL><LI> startup_stm32l152xe.o(RESET)
</UL>
<P><STRONG><a name="[16]"></a>UsageFault_Handler</STRONG> (Thumb, 2 bytes, Stack size 0 bytes, mbed/TARGET_NUCLEO_L152RE/TOOLCHAIN_ARM_STD/startup_stm32l152xe.o(.text))
<BR><BR>[Calls]<UL><LI><a href="#[16]">&gt;&gt;</a>&nbsp;&nbsp;&nbsp;UsageFault_Handler
</UL>
<BR>[Called By]<UL><LI><a href="#[16]">&gt;&gt;</a>&nbsp;&nbsp;&nbsp;UsageFault_Handler
</UL>
<BR>[Address Reference Count : 1]<UL><LI> startup_stm32l152xe.o(RESET)
</UL>
<P><STRONG><a name="[17]"></a>SVC_Handler</STRONG> (Thumb, 2 bytes, Stack size 0 bytes, mbed/TARGET_NUCLEO_L152RE/TOOLCHAIN_ARM_STD/startup_stm32l152xe.o(.text))
<BR><BR>[Calls]<UL><LI><a href="#[17]">&gt;&gt;</a>&nbsp;&nbsp;&nbsp;SVC_Handler
</UL>
<BR>[Called By]<UL><LI><a href="#[17]">&gt;&gt;</a>&nbsp;&nbsp;&nbsp;SVC_Handler
</UL>
<BR>[Address Reference Count : 1]<UL><LI> startup_stm32l152xe.o(RESET)
</UL>
<P><STRONG><a name="[18]"></a>DebugMon_Handler</STRONG> (Thumb, 2 bytes, Stack size 0 bytes, mbed/TARGET_NUCLEO_L152RE/TOOLCHAIN_ARM_STD/startup_stm32l152xe.o(.text))
<BR><BR>[Calls]<UL><LI><a href="#[18]">&gt;&gt;</a>&nbsp;&nbsp;&nbsp;DebugMon_Handler
</UL>
<BR>[Called By]<UL><LI><a href="#[18]">&gt;&gt;</a>&nbsp;&nbsp;&nbsp;DebugMon_Handler
</UL>
<BR>[Address Reference Count : 1]<UL><LI> startup_stm32l152xe.o(RESET)
</UL>
<P><STRONG><a name="[19]"></a>PendSV_Handler</STRONG> (Thumb, 2 bytes, Stack size 0 bytes, mbed/TARGET_NUCLEO_L152RE/TOOLCHAIN_ARM_STD/startup_stm32l152xe.o(.text))
<BR><BR>[Calls]<UL><LI><a href="#[19]">&gt;&gt;</a>&nbsp;&nbsp;&nbsp;PendSV_Handler
</UL>
<BR>[Called By]<UL><LI><a href="#[19]">&gt;&gt;</a>&nbsp;&nbsp;&nbsp;PendSV_Handler
</UL>
<BR>[Address Reference Count : 1]<UL><LI> startup_stm32l152xe.o(RESET)
</UL>
<P><STRONG><a name="[1a]"></a>SysTick_Handler</STRONG> (Thumb, 2 bytes, Stack size 0 bytes, mbed/TARGET_NUCLEO_L152RE/TOOLCHAIN_ARM_STD/startup_stm32l152xe.o(.text))
<BR><BR>[Calls]<UL><LI><a href="#[1a]">&gt;&gt;</a>&nbsp;&nbsp;&nbsp;SysTick_Handler
</UL>
<BR>[Called By]<UL><LI><a href="#[1a]">&gt;&gt;</a>&nbsp;&nbsp;&nbsp;SysTick_Handler
</UL>
<BR>[Address Reference Count : 1]<UL><LI> startup_stm32l152xe.o(RESET)
</UL>
<P><STRONG><a name="[2d]"></a>ADC1_IRQHandler</STRONG> (Thumb, 0 bytes, Stack size 0 bytes, mbed/TARGET_NUCLEO_L152RE/TOOLCHAIN_ARM_STD/startup_stm32l152xe.o(.text))
<BR><BR>[Calls]<UL><LI><a href="#[2d]">&gt;&gt;</a>&nbsp;&nbsp;&nbsp;ADC1_IRQHandler
</UL>
<BR>[Called By]<UL><LI><a href="#[2d]">&gt;&gt;</a>&nbsp;&nbsp;&nbsp;ADC1_IRQHandler
</UL>
<BR>[Address Reference Count : 1]<UL><LI> startup_stm32l152xe.o(RESET)
</UL>
<P><STRONG><a name="[51]"></a>COMP_ACQ_IRQHandler</STRONG> (Thumb, 0 bytes, Stack size 0 bytes, mbed/TARGET_NUCLEO_L152RE/TOOLCHAIN_ARM_STD/startup_stm32l152xe.o(.text))
<BR>[Address Reference Count : 1]<UL><LI> startup_stm32l152xe.o(RESET)
</UL>
<P><STRONG><a name="[31]"></a>COMP_IRQHandler</STRONG> (Thumb, 0 bytes, Stack size 0 bytes, mbed/TARGET_NUCLEO_L152RE/TOOLCHAIN_ARM_STD/startup_stm32l152xe.o(.text))
<BR>[Address Reference Count : 1]<UL><LI> startup_stm32l152xe.o(RESET)
</UL>
<P><STRONG><a name="[30]"></a>DAC_IRQHandler</STRONG> (Thumb, 0 bytes, Stack size 0 bytes, mbed/TARGET_NUCLEO_L152RE/TOOLCHAIN_ARM_STD/startup_stm32l152xe.o(.text))
<BR>[Address Reference Count : 1]<UL><LI> startup_stm32l152xe.o(RESET)
</UL>
<P><STRONG><a name="[26]"></a>DMA1_Channel1_IRQHandler</STRONG> (Thumb, 0 bytes, Stack size 0 bytes, mbed/TARGET_NUCLEO_L152RE/TOOLCHAIN_ARM_STD/startup_stm32l152xe.o(.text))
<BR>[Address Reference Count : 1]<UL><LI> startup_stm32l152xe.o(RESET)
</UL>
<P><STRONG><a name="[27]"></a>DMA1_Channel2_IRQHandler</STRONG> (Thumb, 0 bytes, Stack size 0 bytes, mbed/TARGET_NUCLEO_L152RE/TOOLCHAIN_ARM_STD/startup_stm32l152xe.o(.text))
<BR>[Address Reference Count : 1]<UL><LI> startup_stm32l152xe.o(RESET)
</UL>
<P><STRONG><a name="[28]"></a>DMA1_Channel3_IRQHandler</STRONG> (Thumb, 0 bytes, Stack size 0 bytes, mbed/TARGET_NUCLEO_L152RE/TOOLCHAIN_ARM_STD/startup_stm32l152xe.o(.text))
<BR>[Address Reference Count : 1]<UL><LI> startup_stm32l152xe.o(RESET)
</UL>
<P><STRONG><a name="[29]"></a>DMA1_Channel4_IRQHandler</STRONG> (Thumb, 0 bytes, Stack size 0 bytes, mbed/TARGET_NUCLEO_L152RE/TOOLCHAIN_ARM_STD/startup_stm32l152xe.o(.text))
<BR>[Address Reference Count : 1]<UL><LI> startup_stm32l152xe.o(RESET)
</UL>
<P><STRONG><a name="[2a]"></a>DMA1_Channel5_IRQHandler</STRONG> (Thumb, 0 bytes, Stack size 0 bytes, mbed/TARGET_NUCLEO_L152RE/TOOLCHAIN_ARM_STD/startup_stm32l152xe.o(.text))
<BR>[Address Reference Count : 1]<UL><LI> startup_stm32l152xe.o(RESET)
</UL>
<P><STRONG><a name="[2b]"></a>DMA1_Channel6_IRQHandler</STRONG> (Thumb, 0 bytes, Stack size 0 bytes, mbed/TARGET_NUCLEO_L152RE/TOOLCHAIN_ARM_STD/startup_stm32l152xe.o(.text))
<BR>[Address Reference Count : 1]<UL><LI> startup_stm32l152xe.o(RESET)
</UL>
<P><STRONG><a name="[2c]"></a>DMA1_Channel7_IRQHandler</STRONG> (Thumb, 0 bytes, Stack size 0 bytes, mbed/TARGET_NUCLEO_L152RE/TOOLCHAIN_ARM_STD/startup_stm32l152xe.o(.text))
<BR>[Address Reference Count : 1]<UL><LI> startup_stm32l152xe.o(RESET)
</UL>
<P><STRONG><a name="[4c]"></a>DMA2_Channel1_IRQHandler</STRONG> (Thumb, 0 bytes, Stack size 0 bytes, mbed/TARGET_NUCLEO_L152RE/TOOLCHAIN_ARM_STD/startup_stm32l152xe.o(.text))
<BR>[Address Reference Count : 1]<UL><LI> startup_stm32l152xe.o(RESET)
</UL>
<P><STRONG><a name="[4d]"></a>DMA2_Channel2_IRQHandler</STRONG> (Thumb, 0 bytes, Stack size 0 bytes, mbed/TARGET_NUCLEO_L152RE/TOOLCHAIN_ARM_STD/startup_stm32l152xe.o(.text))
[...]
<LI><a href="#[7f]">&gt;&gt;</a>&nbsp;&nbsp;&nbsp;SX1276::SetTxConfig(ModemType, signed char, unsigned, unsigned, unsigned, unsigned char, unsigned short, bool, bool, bool, unsigned char, bool, unsigned)
<LI><a href="#[7e]">&gt;&gt;</a>&nbsp;&nbsp;&nbsp;SX1276::SetRxConfig(ModemType, unsigned, unsigned, unsigned char, unsigned, unsigned short, unsigned short, bool, unsigned char, bool, bool, unsigned char, bool, bool)
<LI><a href="#[7d]">&gt;&gt;</a>&nbsp;&nbsp;&nbsp;SX1276::SetChannel(unsigned)
<LI><a href="#[98]">&gt;&gt;</a>&nbsp;&nbsp;&nbsp;SX1276::OnDio0Irq()
<LI><a href="#[84]">&gt;&gt;</a>&nbsp;&nbsp;&nbsp;SX1276::Tx(unsigned)
<LI><a href="#[193]">&gt;&gt;</a>&nbsp;&nbsp;&nbsp;SX1276::RxChainCalibration()
<LI><a href="#[9d]">&gt;&gt;</a>&nbsp;&nbsp;&nbsp;SX1276::OnTimeoutIrq()
</UL>

<P><STRONG><a name="[1fe]"></a>_dfixu</STRONG> (Thumb, 90 bytes, Stack size 32 bytes, C:\Keil_v5\ARM\ARMCC\Bin\..\lib\armlib\fz_ws.l(dfixu.o)(x$fpl$dfixu), UNUSED)
<BR><BR>[Calls]<UL><LI><a href="#[1fb]">&gt;&gt;</a>&nbsp;&nbsp;&nbsp;__fpl_dnaninf
</UL>

<P><STRONG><a name="[1d9]"></a>__aeabi_i2d</STRONG> (Thumb, 0 bytes, Stack size 0 bytes, C:\Keil_v5\ARM\ARMCC\Bin\..\lib\armlib\fz_ws.l(dflt_clz.o)(x$fpl$dflt))
<BR><BR>[Called By]<UL><LI><a href="#[9a]">&gt;&gt;</a>&nbsp;&nbsp;&nbsp;SX1276::OnDio2Irq()
<LI><a href="#[98]">&gt;&gt;</a>&nbsp;&nbsp;&nbsp;SX1276::OnDio0Irq()
</UL>

<P><STRONG><a name="[24b]"></a>_dflt</STRONG> (Thumb, 46 bytes, Stack size 0 bytes, C:\Keil_v5\ARM\ARMCC\Bin\..\lib\armlib\fz_ws.l(dflt_clz.o)(x$fpl$dflt), UNUSED)

<P><STRONG><a name="[1d1]"></a>__aeabi_ui2d</STRONG> (Thumb, 0 bytes, Stack size 0 bytes, C:\Keil_v5\ARM\ARMCC\Bin\..\lib\armlib\fz_ws.l(dflt_clz.o)(x$fpl$dfltu))
<BR><BR>[Called By]<UL><LI><a href="#[83]">&gt;&gt;</a>&nbsp;&nbsp;&nbsp;SX1276::Rx(unsigned)
<LI><a href="#[7f]">&gt;&gt;</a>&nbsp;&nbsp;&nbsp;SX1276::SetTxConfig(ModemType, signed char, unsigned, unsigned, unsigned, unsigned char, unsigned short, bool, bool, bool, unsigned char, bool, unsigned)
<LI><a href="#[7e]">&gt;&gt;</a>&nbsp;&nbsp;&nbsp;SX1276::SetRxConfig(ModemType, unsigned, unsigned, unsigned char, unsigned, unsigned short, unsigned short, bool, unsigned char, bool, bool, unsigned char, bool, bool)
<LI><a href="#[7d]">&gt;&gt;</a>&nbsp;&nbsp;&nbsp;SX1276::SetChannel(unsigned)
<LI><a href="#[98]">&gt;&gt;</a>&nbsp;&nbsp;&nbsp;SX1276::OnDio0Irq()
<LI><a href="#[84]">&gt;&gt;</a>&nbsp;&nbsp;&nbsp;SX1276::Tx(unsigned)
<LI><a href="#[193]">&gt;&gt;</a>&nbsp;&nbsp;&nbsp;SX1276::RxChainCalibration()
<LI><a href="#[9d]">&gt;&gt;</a>&nbsp;&nbsp;&nbsp;SX1276::OnTimeoutIrq()
</UL>

<P><STRONG><a name="[24c]"></a>_dfltu</STRONG> (Thumb, 38 bytes, Stack size 0 bytes, C:\Keil_v5\ARM\ARMCC\Bin\..\lib\armlib\fz_ws.l(dflt_clz.o)(x$fpl$dfltu), UNUSED)

<P><STRONG><a name="[1d4]"></a>__aeabi_dmul</STRONG> (Thumb, 0 bytes, Stack size 32 bytes, C:\Keil_v5\ARM\ARMCC\Bin\..\lib\armlib\fz_ws.l(dmul.o)(x$fpl$dmul))
<BR><BR>[Stack]<UL><LI>Max Depth = 32<LI>Call Chain = __aeabi_dmul
</UL>
<BR>[Called By]<UL><LI><a href="#[83]">&gt;&gt;</a>&nbsp;&nbsp;&nbsp;SX1276::Rx(unsigned)
<LI><a href="#[7e]">&gt;&gt;</a>&nbsp;&nbsp;&nbsp;SX1276::SetRxConfig(ModemType, unsigned, unsigned, unsigned char, unsigned, unsigned short, unsigned short, bool, unsigned char, bool, bool, unsigned char, bool, bool)
<LI><a href="#[9a]">&gt;&gt;</a>&nbsp;&nbsp;&nbsp;SX1276::OnDio2Irq()
<LI><a href="#[98]">&gt;&gt;</a>&nbsp;&nbsp;&nbsp;SX1276::OnDio0Irq()
<LI><a href="#[84]">&gt;&gt;</a>&nbsp;&nbsp;&nbsp;SX1276::Tx(unsigned)
<LI><a href="#[193]">&gt;&gt;</a>&nbsp;&nbsp;&nbsp;SX1276::RxChainCalibration()
<LI><a href="#[9d]">&gt;&gt;</a>&nbsp;&nbsp;&nbsp;SX1276::OnTimeoutIrq()
</UL>

<P><STRONG><a name="[1ff]"></a>_dmul</STRONG> (Thumb, 332 bytes, Stack size 32 bytes, C:\Keil_v5\ARM\ARMCC\Bin\..\lib\armlib\fz_ws.l(dmul.o)(x$fpl$dmul), UNUSED)
<BR><BR>[Calls]<UL><LI><a href="#[1fa]">&gt;&gt;</a>&nbsp;&nbsp;&nbsp;__fpl_dretinf
<LI><a href="#[1fb]">&gt;&gt;</a>&nbsp;&nbsp;&nbsp;__fpl_dnaninf
</UL>

<P><STRONG><a name="[1fb]"></a>__fpl_dnaninf</STRONG> (Thumb, 156 bytes, Stack size 16 bytes, C:\Keil_v5\ARM\ARMCC\Bin\..\lib\armlib\fz_ws.l(dnaninf.o)(x$fpl$dnaninf), UNUSED)
<BR><BR>[Called By]<UL><LI><a href="#[1ff]">&gt;&gt;</a>&nbsp;&nbsp;&nbsp;_dmul
<LI><a href="#[1fe]">&gt;&gt;</a>&nbsp;&nbsp;&nbsp;_dfixu
<LI><a href="#[1fd]">&gt;&gt;</a>&nbsp;&nbsp;&nbsp;_dfix
<LI><a href="#[1fc]">&gt;&gt;</a>&nbsp;&nbsp;&nbsp;_ddiv
<LI><a href="#[200]">&gt;&gt;</a>&nbsp;&nbsp;&nbsp;_dsub
<LI><a href="#[1f8]">&gt;&gt;</a>&nbsp;&nbsp;&nbsp;_dadd
</UL>

<P><STRONG><a name="[1fa]"></a>__fpl_dretinf</STRONG> (Thumb, 12 bytes, Stack size 0 bytes, C:\Keil_v5\ARM\ARMCC\Bin\..\lib\armlib\fz_ws.l(dretinf.o)(x$fpl$dretinf), UNUSED)
<BR><BR>[Called By]<UL><LI><a href="#[1ff]">&gt;&gt;</a>&nbsp;&nbsp;&nbsp;_dmul
<LI><a href="#[1fc]">&gt;&gt;</a>&nbsp;&nbsp;&nbsp;_ddiv
<LI><a href="#[1f8]">&gt;&gt;</a>&nbsp;&nbsp;&nbsp;_dadd
</UL>

<P><STRONG><a name="[24d]"></a>__aeabi_dsub</STRONG> (Thumb, 0 bytes, Stack size 32 bytes, C:\Keil_v5\ARM\ARMCC\Bin\..\lib\armlib\fz_ws.l(daddsub_clz.o)(x$fpl$dsub), UNUSED)

<P><STRONG><a name="[200]"></a>_dsub</STRONG> (Thumb, 464 bytes, Stack size 32 bytes, C:\Keil_v5\ARM\ARMCC\Bin\..\lib\armlib\fz_ws.l(daddsub_clz.o)(x$fpl$dsub), UNUSED)
<BR><BR>[Calls]<UL><LI><a href="#[1fb]">&gt;&gt;</a>&nbsp;&nbsp;&nbsp;__fpl_dnaninf
<LI><a href="#[201]">&gt;&gt;</a>&nbsp;&nbsp;&nbsp;_dadd1
</UL>

<P><STRONG><a name="[1f7]"></a>__aeabi_f2iz</STRONG> (Thumb, 0 bytes, Stack size 16 bytes, C:\Keil_v5\ARM\ARMCC\Bin\..\lib\armlib\fz_ws.l(ffix.o)(x$fpl$ffix))
<BR><BR>[Stack]<UL><LI>Max Depth = 16<LI>Call Chain = __aeabi_f2iz
</UL>
<BR>[Called By]<UL><LI><a href="#[18b]">&gt;&gt;</a>&nbsp;&nbsp;&nbsp;wait
</UL>

<P><STRONG><a name="[202]"></a>_ffix</STRONG> (Thumb, 54 bytes, Stack size 16 bytes, C:\Keil_v5\ARM\ARMCC\Bin\..\lib\armlib\fz_ws.l(ffix.o)(x$fpl$ffix), UNUSED)
<BR><BR>[Calls]<UL><LI><a href="#[203]">&gt;&gt;</a>&nbsp;&nbsp;&nbsp;__fpl_fnaninf
</UL>

<P><STRONG><a name="[1f6]"></a>__aeabi_fmul</STRONG> (Thumb, 0 bytes, Stack size 16 bytes, C:\Keil_v5\ARM\ARMCC\Bin\..\lib\armlib\fz_ws.l(fmul.o)(x$fpl$fmul))
<BR><BR>[Stack]<UL><LI>Max Depth = 16<LI>Call Chain = __aeabi_fmul
</UL>
<BR>[Called By]<UL><LI><a href="#[18b]">&gt;&gt;</a>&nbsp;&nbsp;&nbsp;wait
</UL>

<P><STRONG><a name="[204]"></a>_fmul</STRONG> (Thumb, 258 bytes, Stack size 16 bytes, C:\Keil_v5\ARM\ARMCC\Bin\..\lib\armlib\fz_ws.l(fmul.o)(x$fpl$fmul), UNUSED)
<BR><BR>[Calls]<UL><LI><a href="#[205]">&gt;&gt;</a>&nbsp;&nbsp;&nbsp;__fpl_fretinf
<LI><a href="#[203]">&gt;&gt;</a>&nbsp;&nbsp;&nbsp;__fpl_fnaninf
</UL>

<P><STRONG><a name="[203]"></a>__fpl_fnaninf</STRONG> (Thumb, 140 bytes, Stack size 8 bytes, C:\Keil_v5\ARM\ARMCC\Bin\..\lib\armlib\fz_ws.l(fnaninf.o)(x$fpl$fnaninf), UNUSED)
<BR><BR>[Called By]<UL><LI><a href="#[204]">&gt;&gt;</a>&nbsp;&nbsp;&nbsp;_fmul
<LI><a href="#[202]">&gt;&gt;</a>&nbsp;&nbsp;&nbsp;_ffix
</UL>

<P><STRONG><a name="[205]"></a>__fpl_fretinf</STRONG> (Thumb, 10 bytes, Stack size 0 bytes, C:\Keil_v5\ARM\ARMCC\Bin\..\lib\armlib\fz_ws.l(fretinf.o)(x$fpl$fretinf), UNUSED)
<BR><BR>[Called By]<UL><LI><a href="#[204]">&gt;&gt;</a>&nbsp;&nbsp;&nbsp;_fmul
</UL>

<P><STRONG><a name="[d0]"></a>_printf_fp_dec</STRONG> (Thumb, 4 bytes, Stack size 0 bytes, C:\Keil_v5\ARM\ARMCC\Bin\..\lib\armlib\fz_ws.l(printf1.o)(x$fpl$printf1))
<BR><BR>[Stack]<UL><LI>Max Depth = 324<LI>Call Chain = _printf_fp_dec &rArr; _printf_fp_dec_real &rArr; _fp_digits &rArr; _btod_etento &rArr; _btod_emul &rArr; _e2e
</UL>
<BR>[Calls]<UL><LI><a href="#[14e]">&gt;&gt;</a>&nbsp;&nbsp;&nbsp;_printf_fp_dec_real
</UL>
<BR>[Called By]<UL><LI><a href="#[d2]">&gt;&gt;</a>&nbsp;&nbsp;&nbsp;_printf_g
<LI><a href="#[d1]">&gt;&gt;</a>&nbsp;&nbsp;&nbsp;_printf_e
<LI><a href="#[cf]">&gt;&gt;</a>&nbsp;&nbsp;&nbsp;_printf_f
</UL>

<P><STRONG><a name="[d4]"></a>_printf_fp_hex</STRONG> (Thumb, 4 bytes, Stack size 0 bytes, C:\Keil_v5\ARM\ARMCC\Bin\..\lib\armlib\fz_ws.l(printf2.o)(x$fpl$printf2))
<BR><BR>[Stack]<UL><LI>Max Depth = 112<LI>Call Chain = _printf_fp_hex &rArr; _printf_fp_hex_real &rArr; _printf_fp_infnan &rArr; _printf_post_padding
</UL>
<BR>[Calls]<UL><LI><a href="#[151]">&gt;&gt;</a>&nbsp;&nbsp;&nbsp;_printf_fp_hex_real
</UL>
<BR>[Called By]<UL><LI><a href="#[d3]">&gt;&gt;</a>&nbsp;&nbsp;&nbsp;_printf_a
</UL>
<P>
<H3>
Local Symbols
</H3>
<P><STRONG><a name="[68]"></a>gpio_irq0</STRONG> (Thumb, 8 bytes, Stack size 0 bytes, mbed/TARGET_NUCLEO_L152RE/TOOLCHAIN_ARM_STD/gpio_irq_api.o(i.gpio_irq0))
<BR><BR>[Stack]<UL><LI>Max Depth = 32<LI>Call Chain = gpio_irq0 &rArr; handle_interrupt_in
</UL>
<BR>[Calls]<UL><LI><a href="#[1e9]">&gt;&gt;</a>&nbsp;&nbsp;&nbsp;handle_interrupt_in
</UL>
<BR>[Address Reference Count : 1]<UL><LI> gpio_irq_api.o(i.gpio_irq_init)
</UL>
<P><STRONG><a name="[69]"></a>gpio_irq1</STRONG> (Thumb, 8 bytes, Stack size 0 bytes, mbed/TARGET_NUCLEO_L152RE/TOOLCHAIN_ARM_STD/gpio_irq_api.o(i.gpio_irq1))
<BR><BR>[Stack]<UL><LI>Max Depth = 32<LI>Call Chain = gpio_irq1 &rArr; handle_interrupt_in
</UL>
<BR>[Calls]<UL><LI><a href="#[1e9]">&gt;&gt;</a>&nbsp;&nbsp;&nbsp;handle_interrupt_in
</UL>
<BR>[Address Reference Count : 1]<UL><LI> gpio_irq_api.o(i.gpio_irq_init)
</UL>
<P><STRONG><a name="[6a]"></a>gpio_irq2</STRONG> (Thumb, 8 bytes, Stack size 0 bytes, mbed/TARGET_NUCLEO_L152RE/TOOLCHAIN_ARM_STD/gpio_irq_api.o(i.gpio_irq2))
<BR><BR>[Stack]<UL><LI>Max Depth = 32<LI>Call Chain = gpio_irq2 &rArr; handle_interrupt_in
</UL>
<BR>[Calls]<UL><LI><a href="#[1e9]">&gt;&gt;</a>&nbsp;&nbsp;&nbsp;handle_interrupt_in
</UL>
<BR>[Address Reference Count : 1]<UL><LI> gpio_irq_api.o(i.gpio_irq_init)
</UL>
<P><STRONG><a name="[6b]"></a>gpio_irq3</STRONG> (Thumb, 8 bytes, Stack size 0 bytes, mbed/TARGET_NUCLEO_L152RE/TOOLCHAIN_ARM_STD/gpio_irq_api.o(i.gpio_irq3))
<BR><BR>[Stack]<UL><LI>Max Depth = 32<LI>Call Chain = gpio_irq3 &rArr; handle_interrupt_in
</UL>
<BR>[Calls]<UL><LI><a href="#[1e9]">&gt;&gt;</a>&nbsp;&nbsp;&nbsp;handle_interrupt_in
</UL>
<BR>[Address Reference Count : 1]<UL><LI> gpio_irq_api.o(i.gpio_irq_init)
</UL>
<P><STRONG><a name="[6c]"></a>gpio_irq4</STRONG> (Thumb, 8 bytes, Stack size 0 bytes, mbed/TARGET_NUCLEO_L152RE/TOOLCHAIN_ARM_STD/gpio_irq_api.o(i.gpio_irq4))
<BR><BR>[Stack]<UL><LI>Max Depth = 32<LI>Call Chain = gpio_irq4 &rArr; handle_interrupt_in
</UL>
<BR>[Calls]<UL><LI><a href="#[1e9]">&gt;&gt;</a>&nbsp;&nbsp;&nbsp;handle_interrupt_in
</UL>
<BR>[Address Reference Count : 1]<UL><LI> gpio_irq_api.o(i.gpio_irq_init)
</UL>
<P><STRONG><a name="[6d]"></a>gpio_irq5</STRONG> (Thumb, 8 bytes, Stack size 0 bytes, mbed/TARGET_NUCLEO_L152RE/TOOLCHAIN_ARM_STD/gpio_irq_api.o(i.gpio_irq5))
<BR><BR>[Stack]<UL><LI>Max Depth = 32<LI>Call Chain = gpio_irq5 &rArr; handle_interrupt_in
</UL>
<BR>[Calls]<UL><LI><a href="#[1e9]">&gt;&gt;</a>&nbsp;&nbsp;&nbsp;handle_interrupt_in
</UL>
<BR>[Address Reference Count : 1]<UL><LI> gpio_irq_api.o(i.gpio_irq_init)
</UL>
<P><STRONG><a name="[6e]"></a>gpio_irq6</STRONG> (Thumb, 8 bytes, Stack size 0 bytes, mbed/TARGET_NUCLEO_L152RE/TOOLCHAIN_ARM_STD/gpio_irq_api.o(i.gpio_irq6))
<BR><BR>[Stack]<UL><LI>Max Depth = 32<LI>Call Chain = gpio_irq6 &rArr; handle_interrupt_in
</UL>
<BR>[Calls]<UL><LI><a href="#[1e9]">&gt;&gt;</a>&nbsp;&nbsp;&nbsp;handle_interrupt_in
</UL>
<BR>[Address Reference Count : 1]<UL><LI> gpio_irq_api.o(i.gpio_irq_init)
</UL>
<P><STRONG><a name="[1e9]"></a>handle_interrupt_in</STRONG> (Thumb, 114 bytes, Stack size 32 bytes, mbed/TARGET_NUCLEO_L152RE/TOOLCHAIN_ARM_STD/gpio_irq_api.o(i.handle_interrupt_in))
<BR><BR>[Stack]<UL><LI>Max Depth = 32<LI>Call Chain = handle_interrupt_in
</UL>
<BR>[Called By]<UL><LI><a href="#[6e]">&gt;&gt;</a>&nbsp;&nbsp;&nbsp;gpio_irq6
<LI><a href="#[6d]">&gt;&gt;</a>&nbsp;&nbsp;&nbsp;gpio_irq5
<LI><a href="#[6c]">&gt;&gt;</a>&nbsp;&nbsp;&nbsp;gpio_irq4
<LI><a href="#[6b]">&gt;&gt;</a>&nbsp;&nbsp;&nbsp;gpio_irq3
<LI><a href="#[6a]">&gt;&gt;</a>&nbsp;&nbsp;&nbsp;gpio_irq2
<LI><a href="#[69]">&gt;&gt;</a>&nbsp;&nbsp;&nbsp;gpio_irq1
<LI><a href="#[68]">&gt;&gt;</a>&nbsp;&nbsp;&nbsp;gpio_irq0
</UL>

<P><STRONG><a name="[1ec]"></a>init_uart</STRONG> (Thumb, 98 bytes, Stack size 8 bytes, mbed/TARGET_NUCLEO_L152RE/TOOLCHAIN_ARM_STD/serial_api.o(i.init_uart))
<BR><BR>[Stack]<UL><LI>Max Depth = 296 + Unknown Stack Size
<LI>Call Chain = init_uart &rArr; error &rArr; mbed_error_vfprintf &rArr;  serial_init (Cycle)
</UL>
<BR>[Calls]<UL><LI><a href="#[17a]">&gt;&gt;</a>&nbsp;&nbsp;&nbsp;HAL_UART_Init
<LI><a href="#[17f]">&gt;&gt;</a>&nbsp;&nbsp;&nbsp;error
</UL>
<BR>[Called By]<UL><LI><a href="#[19e]">&gt;&gt;</a>&nbsp;&nbsp;&nbsp;serial_format
<LI><a href="#[19c]">&gt;&gt;</a>&nbsp;&nbsp;&nbsp;serial_baud
<LI><a href="#[1a3]">&gt;&gt;</a>&nbsp;&nbsp;&nbsp;serial_init
</UL>

<P><STRONG><a name="[173]"></a>SPI_WaitOnFlagUntilTimeout</STRONG> (Thumb, 204 bytes, Stack size 32 bytes, mbed/TARGET_NUCLEO_L152RE/TOOLCHAIN_ARM_STD/stm32l1xx_hal_spi.o(i.SPI_WaitOnFlagUntilTimeout))
<BR><BR>[Stack]<UL><LI>Max Depth = 32<LI>Call Chain = SPI_WaitOnFlagUntilTimeout
</UL>
<BR>[Calls]<UL><LI><a href="#[16b]">&gt;&gt;</a>&nbsp;&nbsp;&nbsp;HAL_GetTick
</UL>
<BR>[Called By]<UL><LI><a href="#[172]">&gt;&gt;</a>&nbsp;&nbsp;&nbsp;HAL_SPI_TransmitReceive
</UL>

<P><STRONG><a name="[175]"></a>TIM_Base_SetConfig</STRONG> (Thumb, 110 bytes, Stack size 12 bytes, mbed/TARGET_NUCLEO_L152RE/TOOLCHAIN_ARM_STD/stm32l1xx_hal_tim.o(i.TIM_Base_SetConfig))
<BR><BR>[Stack]<UL><LI>Max Depth = 12<LI>Call Chain = TIM_Base_SetConfig
</UL>
<BR>[Called By]<UL><LI><a href="#[167]">&gt;&gt;</a>&nbsp;&nbsp;&nbsp;HAL_TIM_OC_Init
</UL>

<P><STRONG><a name="[17c]"></a>UART_SetConfig</STRONG> (Thumb, 806 bytes, Stack size 24 bytes, mbed/TARGET_NUCLEO_L152RE/TOOLCHAIN_ARM_STD/stm32l1xx_hal_uart.o(i.UART_SetConfig))
<BR><BR>[Stack]<UL><LI>Max Depth = 24<LI>Call Chain = UART_SetConfig
</UL>
<BR>[Calls]<UL><LI><a href="#[180]">&gt;&gt;</a>&nbsp;&nbsp;&nbsp;HAL_RCC_GetPCLK2Freq
<LI><a href="#[166]">&gt;&gt;</a>&nbsp;&nbsp;&nbsp;HAL_RCC_GetPCLK1Freq
</UL>
<BR>[Called By]<UL><LI><a href="#[17a]">&gt;&gt;</a>&nbsp;&nbsp;&nbsp;HAL_UART_Init
</UL>

<P><STRONG><a name="[182]"></a>debug(const char*, ...)</STRONG> (Thumb, 28 bytes, Stack size 24 bytes, .\build\main.o(i._Z5debugPKcz))
<BR><BR>[Stack]<UL><LI>Max Depth = 144 + Unknown Stack Size
<LI>Call Chain = debug(const char*, ...) &rArr; __c89vfprintf &rArr; _printf_char_file &rArr; _printf_char_common &rArr; __printf
</UL>
<BR>[Calls]<UL><LI><a href="#[106]">&gt;&gt;</a>&nbsp;&nbsp;&nbsp;__c89vfprintf
</UL>
<BR>[Called By]<UL><LI><a href="#[160]">&gt;&gt;</a>&nbsp;&nbsp;&nbsp;$Super$$main
</UL>

<P><STRONG><a name="[181]"></a>debug_if(bool, const char*, ...)</STRONG> (Thumb, 34 bytes, Stack size 32 bytes, .\build\main.o(i._Z8debug_ifbPKcz))
<BR><BR>[Stack]<UL><LI>Max Depth = 152 + Unknown Stack Size
<LI>Call Chain = debug_if(bool, const char*, ...) &rArr; __c89vfprintf &rArr; _printf_char_file &rArr; _printf_char_common &rArr; __printf
</UL>
<BR>[Calls]<UL><LI><a href="#[106]">&gt;&gt;</a>&nbsp;&nbsp;&nbsp;__c89vfprintf
</UL>
<BR>[Called By]<UL><LI><a href="#[160]">&gt;&gt;</a>&nbsp;&nbsp;&nbsp;$Super$$main
<LI><a href="#[71]">&gt;&gt;</a>&nbsp;&nbsp;&nbsp;OnRxError()
<LI><a href="#[6f]">&gt;&gt;</a>&nbsp;&nbsp;&nbsp;OnTxDone()
<LI><a href="#[70]">&gt;&gt;</a>&nbsp;&nbsp;&nbsp;OnRxDone(unsigned char*, unsigned short, short, signed char)
<LI><a href="#[72]">&gt;&gt;</a>&nbsp;&nbsp;&nbsp;OnTxTimeout()
<LI><a href="#[73]">&gt;&gt;</a>&nbsp;&nbsp;&nbsp;OnRxTimeout()
</UL>

<P><STRONG><a name="[c4]"></a>__sti___8_main_cpp_led</STRONG> (Thumb, 72 bytes, Stack size 16 bytes, .\build\main.o(i.__sti___8_main_cpp_led))
<BR><BR>[Stack]<UL><LI>Max Depth = 736 + Unknown Stack Size
<LI>Call Chain = __sti___8_main_cpp_led &rArr; SX1276MB1xAS::SX1276MB1xAS(RadioEvents_t*) &rArr; SX1276::SX1276__sub_object(RadioEvents_t*, PinName, PinName, PinName, PinName, PinName, PinName, PinName, PinName, PinName, PinName, PinName) &rArr; mbed::SPI::SPI(PinName, PinName, PinName, PinName) &rArr; spi_init &rArr; mbed_assert_internal &rArr; mbed_error_printf &rArr;  core_util_critical_section_exit (Cycle)
</UL>
<BR>[Calls]<UL><LI><a href="#[1df]">&gt;&gt;</a>&nbsp;&nbsp;&nbsp;__aeabi_atexit
<LI><a href="#[1dc]">&gt;&gt;</a>&nbsp;&nbsp;&nbsp;gpio_init_out
<LI><a href="#[1be]">&gt;&gt;</a>&nbsp;&nbsp;&nbsp;mbed::Serial::Serial(PinName, PinName, const char*, int)
<LI><a href="#[18f]">&gt;&gt;</a>&nbsp;&nbsp;&nbsp;SX1276MB1xAS::SX1276MB1xAS(RadioEvents_t*)
<LI><a href="#[11e]">&gt;&gt;</a>&nbsp;&nbsp;&nbsp;__aeabi_memclr4
</UL>
<BR>[Address Reference Count : 1]<UL><LI> main.o(.init_array)
</UL>
<P><STRONG><a name="[194]"></a>gpio_write(gpio_t*, int)</STRONG> (Thumb, 18 bytes, Stack size 0 bytes, .\build\sx1276-hal.o(i._Z10gpio_writeP6gpio_ti))
<BR><BR>[Called By]<UL><LI><a href="#[184]">&gt;&gt;</a>&nbsp;&nbsp;&nbsp;mbed::DigitalInOut::operator =(int)
<LI><a href="#[188]">&gt;&gt;</a>&nbsp;&nbsp;&nbsp;mbed::DigitalOut::operator =(int)
</UL>

<P><STRONG><a name="[62]"></a>mbed::donothing()</STRONG> (Thumb, 2 bytes, Stack size 0 bytes, mbed/TARGET_NUCLEO_L152RE/TOOLCHAIN_ARM_STD/mbed.ar(InterruptIn.o)(i._ZN4mbed9donothingEv))
<BR>[Address Reference Count : 2]<UL><LI> InterruptIn.o(i._ZN4mbed11InterruptIn4riseENS_8CallbackIFvvEEE)
<LI> InterruptIn.o(i._ZN4mbed11InterruptInC1E7PinName)
</UL>
<P><STRONG><a name="[5e]"></a>&lang;Func3&rang;</STRONG> (Thumb, 6 bytes, Stack size 0 bytes, mbed/TARGET_NUCLEO_L152RE/TOOLCHAIN_ARM_STD/mbed.ar(SerialBase.o)(i.<Func3>))
<BR>[Address Reference Count : 1]<UL><LI> SerialBase.o(i._ZN4mbed10SerialBaseC1E7PinNameS1_i)
</UL>
<P><STRONG><a name="[5f]"></a>mbed::donothing()</STRONG> (Thumb, 2 bytes, Stack size 0 bytes, mbed/TARGET_NUCLEO_L152RE/TOOLCHAIN_ARM_STD/mbed.ar(SerialBase.o)(i._ZN4mbed9donothingEv))
<BR>[Address Reference Count : 1]<UL><LI> SerialBase.o(i._ZN4mbed10SerialBaseC1E7PinNameS1_i)
</UL>
<P><STRONG><a name="[201]"></a>_dadd1</STRONG> (Thumb, 0 bytes, Stack size unknown bytes, C:\Keil_v5\ARM\ARMCC\Bin\..\lib\armlib\fz_ws.l(daddsub_clz.o)(x$fpl$dadd), UNUSED)
<BR><BR>[Called By]<UL><LI><a href="#[200]">&gt;&gt;</a>&nbsp;&nbsp;&nbsp;_dsub
</UL>

<P><STRONG><a name="[1f9]"></a>_dsub1</STRONG> (Thumb, 0 bytes, Stack size unknown bytes, C:\Keil_v5\ARM\ARMCC\Bin\..\lib\armlib\fz_ws.l(daddsub_clz.o)(x$fpl$dsub), UNUSED)
<BR><BR>[Called By]<UL><LI><a href="#[1f8]">&gt;&gt;</a>&nbsp;&nbsp;&nbsp;_dadd
</UL>

<P><STRONG><a name="[57]"></a>_printf_input_char</STRONG> (Thumb, 10 bytes, Stack size 0 bytes, C:\Keil_v5\ARM\ARMCC\Bin\..\lib\armlib\c_w.l(_printf_char_common.o)(.text))
<BR>[Address Reference Count : 1]<UL><LI> _printf_char_common.o(.text)
</UL>
<P><STRONG><a name="[59]"></a>_scanf_char_input</STRONG> (Thumb, 12 bytes, Stack size 0 bytes, C:\Keil_v5\ARM\ARMCC\Bin\..\lib\armlib\c_w.l(scanf_char.o)(.text))
<BR>[Address Reference Count : 1]<UL><LI> scanf_char.o(.text)
</UL>
<P><STRONG><a name="[149]"></a>_fp_digits</STRONG> (Thumb, 432 bytes, Stack size 96 bytes, C:\Keil_v5\ARM\ARMCC\Bin\..\lib\armlib\c_w.l(_printf_fp_dec.o)(.text))
<BR><BR>[Stack]<UL><LI>Max Depth = 220<LI>Call Chain = _fp_digits &rArr; _btod_etento &rArr; _btod_emul &rArr; _e2e
</UL>
<BR>[Calls]<UL><LI><a href="#[132]">&gt;&gt;</a>&nbsp;&nbsp;&nbsp;_ll_udiv10
<LI><a href="#[14d]">&gt;&gt;</a>&nbsp;&nbsp;&nbsp;_btod_emul
<LI><a href="#[14c]">&gt;&gt;</a>&nbsp;&nbsp;&nbsp;_btod_ediv
<LI><a href="#[14b]">&gt;&gt;</a>&nbsp;&nbsp;&nbsp;_btod_d2e
<LI><a href="#[14a]">&gt;&gt;</a>&nbsp;&nbsp;&nbsp;_btod_etento
</UL>
<BR>[Called By]<UL><LI><a href="#[14e]">&gt;&gt;</a>&nbsp;&nbsp;&nbsp;_printf_fp_dec_real
</UL>
<P>
<H3>
Undefined Global Symbols
</H3><HR></body></html>
